Archive member included to satisfy reference by file (symbol)

/Applications/STM32CubeIDE.app/Contents/Eclipse/plugins/com.st.stm32cube.ide.mcu.externaltools.gnu-tools-for-stm32.13.3.rel1.macos64_1.0.0.202411102158/tools/bin/../lib/gcc/arm-none-eabi/13.3.1/../../../../arm-none-eabi/lib/thumb/v7e-m+dp/hard/libc_nano.a(libc_a-exit.o)
                              /Applications/STM32CubeIDE.app/Contents/Eclipse/plugins/com.st.stm32cube.ide.mcu.externaltools.gnu-tools-for-stm32.13.3.rel1.macos64_1.0.0.202411102158/tools/bin/../lib/gcc/arm-none-eabi/13.3.1/../../../../arm-none-eabi/lib/thumb/v7e-m+dp/hard/crt0.o (exit)
/Applications/STM32CubeIDE.app/Contents/Eclipse/plugins/com.st.stm32cube.ide.mcu.externaltools.gnu-tools-for-stm32.13.3.rel1.macos64_1.0.0.202411102158/tools/bin/../lib/gcc/arm-none-eabi/13.3.1/../../../../arm-none-eabi/lib/thumb/v7e-m+dp/hard/libc_nano.a(libc_a-findfp.o)
                              /Applications/STM32CubeIDE.app/Contents/Eclipse/plugins/com.st.stm32cube.ide.mcu.externaltools.gnu-tools-for-stm32.13.3.rel1.macos64_1.0.0.202411102158/tools/bin/../lib/gcc/arm-none-eabi/13.3.1/../../../../arm-none-eabi/lib/thumb/v7e-m+dp/hard/libc_nano.a(libc_a-exit.o) (__stdio_exit_handler)
/Applications/STM32CubeIDE.app/Contents/Eclipse/plugins/com.st.stm32cube.ide.mcu.externaltools.gnu-tools-for-stm32.13.3.rel1.macos64_1.0.0.202411102158/tools/bin/../lib/gcc/arm-none-eabi/13.3.1/../../../../arm-none-eabi/lib/thumb/v7e-m+dp/hard/libc_nano.a(libc_a-fwalk.o)
                              /Applications/STM32CubeIDE.app/Contents/Eclipse/plugins/com.st.stm32cube.ide.mcu.externaltools.gnu-tools-for-stm32.13.3.rel1.macos64_1.0.0.202411102158/tools/bin/../lib/gcc/arm-none-eabi/13.3.1/../../../../arm-none-eabi/lib/thumb/v7e-m+dp/hard/libc_nano.a(libc_a-findfp.o) (_fwalk_sglue)
/Applications/STM32CubeIDE.app/Contents/Eclipse/plugins/com.st.stm32cube.ide.mcu.externaltools.gnu-tools-for-stm32.13.3.rel1.macos64_1.0.0.202411102158/tools/bin/../lib/gcc/arm-none-eabi/13.3.1/../../../../arm-none-eabi/lib/thumb/v7e-m+dp/hard/libc_nano.a(libc_a-memset.o)
                              /Applications/STM32CubeIDE.app/Contents/Eclipse/plugins/com.st.stm32cube.ide.mcu.externaltools.gnu-tools-for-stm32.13.3.rel1.macos64_1.0.0.202411102158/tools/bin/../lib/gcc/arm-none-eabi/13.3.1/../../../../arm-none-eabi/lib/thumb/v7e-m+dp/hard/crt0.o (memset)
/Applications/STM32CubeIDE.app/Contents/Eclipse/plugins/com.st.stm32cube.ide.mcu.externaltools.gnu-tools-for-stm32.13.3.rel1.macos64_1.0.0.202411102158/tools/bin/../lib/gcc/arm-none-eabi/13.3.1/../../../../arm-none-eabi/lib/thumb/v7e-m+dp/hard/libc_nano.a(libc_a-errno.o)
                              ./Core/Src/syscalls.o (__errno)
/Applications/STM32CubeIDE.app/Contents/Eclipse/plugins/com.st.stm32cube.ide.mcu.externaltools.gnu-tools-for-stm32.13.3.rel1.macos64_1.0.0.202411102158/tools/bin/../lib/gcc/arm-none-eabi/13.3.1/../../../../arm-none-eabi/lib/thumb/v7e-m+dp/hard/libc_nano.a(libc_a-init.o)
                              /Applications/STM32CubeIDE.app/Contents/Eclipse/plugins/com.st.stm32cube.ide.mcu.externaltools.gnu-tools-for-stm32.13.3.rel1.macos64_1.0.0.202411102158/tools/bin/../lib/gcc/arm-none-eabi/13.3.1/../../../../arm-none-eabi/lib/thumb/v7e-m+dp/hard/crt0.o (__libc_init_array)
/Applications/STM32CubeIDE.app/Contents/Eclipse/plugins/com.st.stm32cube.ide.mcu.externaltools.gnu-tools-for-stm32.13.3.rel1.macos64_1.0.0.202411102158/tools/bin/../lib/gcc/arm-none-eabi/13.3.1/../../../../arm-none-eabi/lib/thumb/v7e-m+dp/hard/libc_nano.a(libc_a-lock.o)
                              /Applications/STM32CubeIDE.app/Contents/Eclipse/plugins/com.st.stm32cube.ide.mcu.externaltools.gnu-tools-for-stm32.13.3.rel1.macos64_1.0.0.202411102158/tools/bin/../lib/gcc/arm-none-eabi/13.3.1/../../../../arm-none-eabi/lib/thumb/v7e-m+dp/hard/libc_nano.a(libc_a-findfp.o) (__retarget_lock_init_recursive)
/Applications/STM32CubeIDE.app/Contents/Eclipse/plugins/com.st.stm32cube.ide.mcu.externaltools.gnu-tools-for-stm32.13.3.rel1.macos64_1.0.0.202411102158/tools/bin/../lib/gcc/arm-none-eabi/13.3.1/../../../../arm-none-eabi/lib/thumb/v7e-m+dp/hard/libc_nano.a(libc_a-impure.o)
                              /Applications/STM32CubeIDE.app/Contents/Eclipse/plugins/com.st.stm32cube.ide.mcu.externaltools.gnu-tools-for-stm32.13.3.rel1.macos64_1.0.0.202411102158/tools/bin/../lib/gcc/arm-none-eabi/13.3.1/../../../../arm-none-eabi/lib/thumb/v7e-m+dp/hard/libc_nano.a(libc_a-errno.o) (_impure_ptr)
/Applications/STM32CubeIDE.app/Contents/Eclipse/plugins/com.st.stm32cube.ide.mcu.externaltools.gnu-tools-for-stm32.13.3.rel1.macos64_1.0.0.202411102158/tools/bin/../lib/gcc/arm-none-eabi/13.3.1/../../../../arm-none-eabi/lib/thumb/v7e-m+dp/hard/libc_nano.a(libc_a-memcpy-stub.o)
                              ./Drivers/STM32H7xx_HAL_Driver/Src/stm32h7xx_hal_fdcan.o (memcpy)
[...]
Memory Configuration

Name             Origin             Length             Attributes
ITCMRAM          0x00000000         0x00010000         xrw
DTCMRAM          0x20000000         0x00020000         xrw
FLASH            0x08000000         0x00100000         xr
RAM_D1           0x24000000         0x00050000         xrw
RAM_D2           0x30000000         0x00008000         xrw
RAM_D3           0x38000000         0x00004000         xrw
*default*        0x00000000         0xffffffff

Linker script and memory map

LOAD /Applications/STM32CubeIDE.app/Contents/Eclipse/plugins/com.st.stm32cube.ide.mcu.externaltools.gnu-tools-for-stm32.13.3.rel1.macos64_1.0.0.202411102158/tools/bin/../lib/gcc/arm-none-eabi/13.3.1/thumb/v7e-m+dp/hard/crti.o
LOAD /Applications/STM32CubeIDE.app/Contents/Eclipse/plugins/com.st.stm32cube.ide.mcu.externaltools.gnu-tools-for-stm32.13.3.rel1.macos64_1.0.0.202411102158/tools/bin/../lib/gcc/arm-none-eabi/13.3.1/thumb/v7e-m+dp/hard/crtbegin.o
LOAD /Applications/STM32CubeIDE.app/Contents/Eclipse/plugins/com.st.stm32cube.ide.mcu.externaltools.gnu-tools-for-stm32.13.3.rel1.macos64_1.0.0.202411102158/tools/bin/../lib/gcc/arm-none-eabi/13.3.1/../../../../arm-none-eabi/lib/thumb/v7e-m+dp/hard/crt0.o
LOAD ./Core/Src/adc.o
LOAD ./Core/Src/audio.o
LOAD ./Core/Src/cooling.o
LOAD ./Core/Src/dma.o
LOAD ./Core/Src/fdcan.o
LOAD ./Core/Src/gpio.o
LOAD ./Core/Src/i2s.o
LOAD ./Core/Src/main.o
LOAD ./Core/Src/motor_control.o
LOAD ./Core/Src/prchg.o
LOAD ./Core/Src/stm32h7xx_hal_msp.o
LOAD ./Core/Src/stm32h7xx_it.o
LOAD ./Core/Src/syscalls.o
LOAD ./Core/Src/sysmem.o
LOAD ./Core/Src/system_stm32h7xx.o
LOAD ./Core/Src/tim.o
LOAD ./Core/Src/vcu_state.o
LOAD ./Core/Startup/startup_stm32h723zgtx.o
LOAD ./Drivers/STM32H7xx_HAL_Driver/Src/stm32h7xx_hal.o
LOAD ./Drivers/STM32H7xx_HAL_Driver/Src/stm32h7xx_hal_adc.o
LOAD ./Drivers/STM32H7xx_HAL_Driver/Src/stm32h7xx_hal_adc_ex.o
LOAD ./Drivers/STM32H7xx_HAL_Driver/Src/stm32h7xx_hal_cortex.o
LOAD ./Drivers/STM32H7xx_HAL_Driver/Src/stm32h7xx_hal_dma.o
LOAD ./Drivers/STM32H7xx_HAL_Driver/Src/stm32h7xx_hal_dma_ex.o
LOAD ./Drivers/STM32H7xx_HAL_Driver/Src/stm32h7xx_hal_exti.o
LOAD ./Drivers/STM32H7xx_HAL_Driver/Src/stm32h7xx_hal_fdcan.o
LOAD ./Drivers/STM32H7xx_HAL_Driver/Src/stm32h7xx_hal_flash.o
LOAD ./Drivers/STM32H7xx_HAL_Driver/Src/stm32h7xx_hal_flash_ex.o
LOAD ./Drivers/STM32H7xx_HAL_Driver/Src/stm32h7xx_hal_gpio.o
LOAD ./Drivers/STM32H7xx_HAL_Driver/Src/stm32h7xx_hal_hsem.o
LOAD ./Drivers/STM32H7xx_HAL_Driver/Src/stm32h7xx_hal_i2c.o
LOAD ./Drivers/STM32H7xx_HAL_Driver/Src/stm32h7xx_hal_i2c_ex.o
LOAD ./Drivers/STM32H7xx_HAL_Driver/Src/stm32h7xx_hal_i2s.o
LOAD ./Drivers/STM32H7xx_HAL_Driver/Src/stm32h7xx_hal_i2s_ex.o
LOAD ./Drivers/STM32H7xx_HAL_Driver/Src/stm32h7xx_hal_mdma.o
LOAD ./Drivers/STM32H7xx_HAL_Driver/Src/stm32h7xx_hal_pwr.o
LOAD ./Drivers/STM32H7xx_HAL_Driver/Src/stm32h7xx_hal_pwr_ex.o
LOAD ./Drivers/STM32H7xx_HAL_Driver/Src/stm32h7xx_hal_rcc.o
LOAD ./Drivers/STM32H7xx_HAL_Driver/Src/stm32h7xx_hal_rcc_ex.o
LOAD ./Drivers/STM32H7xx_HAL_Driver/Src/stm32h7xx_hal_tim.o
LOAD ./Drivers/STM32H7xx_HAL_Driver/Src/stm32h7xx_hal_tim_ex.o
START GROUP
LOAD /Applications/STM32CubeIDE.app/Contents/Eclipse/plugins/com.st.stm32cube.ide.mcu.externaltools.gnu-tools-for-stm32.13.3.rel1.macos64_1.0.0.202411102158/tools/bin/../lib/gcc/arm-none-eabi/13.3.1/../../../../arm-none-eabi/lib/thumb/v7e-m+dp/hard/libc_nano.a
LOAD /Applications/STM32CubeIDE.app/Contents/Eclipse/plugins/com.st.stm32cube.ide.mcu.externaltools.gnu-tools-for-stm32.13.3.rel1.macos64_1.0.0.202411102158/tools/bin/../lib/gcc/arm-none-eabi/13.3.1/../../../../arm-none-eabi/lib/thumb/v7e-m+dp/hard/libm.a
END GROUP
START GROUP
LOAD /Applications/STM32CubeIDE.app/Contents/Eclipse/plugins/com.st.stm32cube.ide.mcu.externaltools.gnu-tools-for-stm32.13.3.rel1.macos64_1.0.0.202411102158/tools/bin/../lib/gcc/arm-none-eabi/13.3.1/thumb/v7e-m+dp/hard/libgcc.a
LOAD /Applications/STM32CubeIDE.app/Contents/Eclipse/plugins/com.st.stm32cube.ide.mcu.externaltools.gnu-tools-for-stm32.13.3.rel1.macos64_1.0.0.202411102158/tools/bin/../lib/gcc/arm-none-eabi/13.3.1/../../../../arm-none-eabi/lib/thumb/v7e-m+dp/hard/libc_nano.a
END GROUP
START GROUP
LOAD /Applications/STM32CubeIDE.app/Contents/Eclipse/plugins/com.st.stm32cube.ide.mcu.externaltools.gnu-tools-for-stm32.13.3.rel1.macos64_1.0.0.202411102158/tools/bin/../lib/gcc/arm-none-eabi/13.3.1/thumb/v7e-m+dp/hard/libgcc.a
LOAD /Applications/STM32CubeIDE.app/Contents/Eclipse/plugins/com.st.stm32cube.ide.mcu.externaltools.gnu-tools-for-stm32.13.3.rel1.macos64_1.0.0.202411102158/tools/bin/../lib/gcc/arm-none-eabi/13.3.1/../../../../arm-none-eabi/lib/thumb/v7e-m+dp/hard/libc_nano.a
LOAD /Applications/STM32CubeIDE.app/Contents/Eclipse/plugins/com.st.stm32cube.ide.mcu.externaltools.gnu-tools-for-stm32.13.3.rel1.macos64_1.0.0.202411102158/tools/bin/../lib/gcc/arm-none-eabi/13.3.1/../../../../arm-none-eabi/lib/thumb/v7e-m+dp/hard/libnosys.a
END GROUP
START GROUP
LOAD /Applications/STM32CubeIDE.app/Contents/Eclipse/plugins/com.st.stm32cube.ide.mcu.externaltools.gnu-tools-for-stm32.13.3.rel1.macos64_1.0.0.202411102158/tools/bin/../lib/gcc/arm-none-eabi/13.3.1/thumb/v7e-m+dp/hard/libgcc.a
LOAD /Applications/STM32CubeIDE.app/Contents/Eclipse/plugins/com.st.stm32cube.ide.mcu.externaltools.gnu-tools-for-stm32.13.3.rel1.macos64_1.0.0.202411102158/tools/bin/../lib/gcc/arm-none-eabi/13.3.1/../../../../arm-none-eabi/lib/thumb/v7e-m+dp/hard/libc_nano.a
LOAD /Applications/STM32CubeIDE.app/Contents/Eclipse/plugins/com.st.stm32cube.ide.mcu.externaltools.gnu-tools-for-stm32.13.3.rel1.macos64_1.0.0.202411102158/tools/bin/../lib/gcc/arm-none-eabi/13.3.1/../../../../arm-none-eabi/lib/thumb/v7e-m+dp/hard/libnosys.a
END GROUP
LOAD /Applications/STM32CubeIDE.app/Contents/Eclipse/plugins/com.st.stm32cube.ide.mcu.externaltools.gnu-tools-for-stm32.13.3.rel1.macos64_1.0.0.202411102158/tools/bin/../lib/gcc/arm-none-eabi/13.3.1/thumb/v7e-m+dp/hard/crtend.o
LOAD /Applications/STM32CubeIDE.app/Contents/Eclipse/plugins/com.st.stm32cube.ide.mcu.externaltools.gnu-tools-for-stm32.13.3.rel1.macos64_1.0.0.202411102158/tools/bin/../lib/gcc/arm-none-eabi/13.3.1/thumb/v7e-m+dp/hard/crtn.o
                0x24050000                        _estack = (ORIGIN (RAM_D1) + LENGTH (RAM_D1))
                0x00000200                        _Min_Heap_Size = 0x200
                0x00000400                        _Min_Stack_Size = 0x400

.isr_vector     0x08000000      0x2cc
                0x08000000                        . = ALIGN (0x4)
 *(.isr_vector)
 .isr_vector    0x08000000      0x2cc ./Core/Startup/startup_stm32h723zgtx.o
                0x08000000                g_pfnVectors
                0x080002cc                        . = ALIGN (0x4)

.text           0x080002d0     0xd6b0
                0x080002d0                        . = ALIGN (0x4)
 *(.text)
 .text          0x080002d0       0x40 /Applications/STM32CubeIDE.app/Contents/Eclipse/plugins/com.st.stm32cube.ide.mcu.externaltools.gnu-tools-for-stm32.13.3.rel1.macos64_1.0.0.202411102158/tools/bin/../lib/gcc/arm-none-eabi/13.3.1/thumb/v7e-m+dp/hard/crtbegin.o
 *(.text*)
 .text.MX_ADC3_Init
                0x08000310      0x120 ./Core/Src/adc.o
                0x08000310                MX_ADC3_Init
 .text.HAL_ADC_MspInit
                0x08000430      0x18c ./Core/Src/adc.o
                0x08000430                HAL_ADC_MspInit
 .text.captureI2SDebugState
                0x080005bc       0x60 ./Core/Src/audio.o
                0x080005bc                captureI2SDebugState
 .text.audioPlaybackAllowed
                0x0800061c       0x48 ./Core/Src/audio.o
                0x0800061c                audioPlaybackAllowed
 .text.preparePlaybackChunk
                0x08000664       0x68 ./Core/Src/audio.o
                0x08000664                preparePlaybackChunk
 .text.playReadyToDriveSound
                0x080006cc      0x154 ./Core/Src/audio.o
                0x080006cc                playReadyToDriveSound
 .text.configureCoolingCmdMsg
                0x08000820       0x4c ./Core/Src/cooling.o
                0x08000820                configureCoolingCmdMsg
 .text.calculateTractiveFanPWM
                0x0800086c       0x94 ./Core/Src/cooling.o
                0x0800086c                calculateTractiveFanPWM
 .text.calculateTractivePumpPWM
                0x08000900       0x94 ./Core/Src/cooling.o
                0x08000900                calculateTractivePumpPWM
 .text.calculateAccyFanPWM
                0x08000994       0x98 ./Core/Src/cooling.o
                0x08000994                calculateAccyFanPWM
 .text.processBMS_Temp
                0x08000a2c       0x50 ./Core/Src/cooling.o
                0x08000a2c                processBMS_Temp
 .text.processInverter_Temp
                0x08000a7c       0xc8 ./Core/Src/cooling.o
                0x08000a7c                processInverter_Temp
 .text.sendCoolingCmd
                0x08000b44       0x78 ./Core/Src/cooling.o
                0x08000b44                sendCoolingCmd
 .text.MX_DMA_Init
                0x08000bbc       0x50 ./Core/Src/dma.o
                0x08000bbc                MX_DMA_Init
 .text.MX_FDCAN1_Init
                0x08000c0c       0xc8 ./Core/Src/fdcan.o
                0x08000c0c                MX_FDCAN1_Init
 .text.MX_FDCAN2_Init
                0x08000cd4       0xcc ./Core/Src/fdcan.o
                0x08000cd4                MX_FDCAN2_Init
 .text.HAL_FDCAN_MspInit
                0x08000da0      0x210 ./Core/Src/fdcan.o
                0x08000da0                HAL_FDCAN_MspInit
 .text.FDCAN1_Rx_Handler
                0x08000fb0       0x9c ./Core/Src/fdcan.o
                0x08000fb0                FDCAN1_Rx_Handler
 .text.FDCAN2_Rx_Handler
                0x0800104c        0xe ./Core/Src/fdcan.o
                0x0800104c                FDCAN2_Rx_Handler
 *fill*         0x0800105a        0x2 
 .text.MX_GPIO_Init
                0x0800105c      0x138 ./Core/Src/gpio.o
                0x0800105c                MX_GPIO_Init
 .text.MX_I2S2_Init
                0x08001194       0x64 ./Core/Src/i2s.o
                0x08001194                MX_I2S2_Init
 .text.HAL_I2S_MspInit
                0x080011f8      0x198 ./Core/Src/i2s.o
                0x080011f8                HAL_I2S_MspInit
 .text.HAL_ADC_ConvCpltCallback
                0x08001390      0x1b8 ./Core/Src/main.o
                0x08001390                HAL_ADC_ConvCpltCallback
 .text.HAL_GPIO_EXTI_Callback
                0x08001548       0xc0 ./Core/Src/main.o
                0x08001548                HAL_GPIO_EXTI_Callback
 .text.HAL_TIM_PeriodElapsedCallback
                0x08001608      0x13c ./Core/Src/main.o
                0x08001608                HAL_TIM_PeriodElapsedCallback
 .text.HAL_FDCAN_RxFifo0Callback
                0x08001744       0x64 ./Core/Src/main.o
                0x08001744                HAL_FDCAN_RxFifo0Callback
 .text.HAL_FDCAN_RxFifo1Callback
                0x080017a8       0x64 ./Core/Src/main.o
                0x080017a8                HAL_FDCAN_RxFifo1Callback
 .text.main     0x0800180c      0x13c ./Core/Src/main.o
                0x0800180c                main
 .text.SystemClock_Config
                0x08001948       0xdc ./Core/Src/main.o
                0x08001948                SystemClock_Config
 .text.MPU_Config
                0x08001a24       0x58 ./Core/Src/main.o
 .text.Error_Handler
                0x08001a7c       0x50 ./Core/Src/main.o
                0x08001a7c                Error_Handler
 .text.resetTorqueFilter
                0x08001acc       0x24 ./Core/Src/motor_control.o
                0x08001acc                resetTorqueFilter
 .text.calculateTorqueRequest
                0x08001af0      0x26c ./Core/Src/motor_control.o
                0x08001af0                calculateTorqueRequest
 .text.validateAPPS
                0x08001d5c       0x68 ./Core/Src/motor_control.o
                0x08001d5c                validateAPPS
 .text.checkAPPS_Plausibility
                0x08001dc4       0x90 ./Core/Src/motor_control.o
                0x08001dc4                checkAPPS_Plausibility
 .text.checkAPPS_BSE_Crosscheck
                0x08001e54       0x7c ./Core/Src/motor_control.o
                0x08001e54                checkAPPS_BSE_Crosscheck
 .text.configureInverterMessage
                0x08001ed0       0x4c ./Core/Src/motor_control.o
                0x08001ed0                configureInverterMessage
 .text.sendTorqueRequest
                0x08001f1c       0x6c ./Core/Src/motor_control.o
                0x08001f1c                sendTorqueRequest
 .text.processInverter_Voltage
                0x08001f88       0x4c ./Core/Src/motor_control.o
                0x08001f88                processInverter_Voltage
 .text.processInverter_RPM
                0x08001fd4       0x64 ./Core/Src/motor_control.o
                0x08001fd4                processInverter_RPM
 .text.resetPlausibilityChecks
                0x08002038       0x2c ./Core/Src/motor_control.o
                0x08002038                resetPlausibilityChecks
 .text.configurePrechargeMessage
                0x08002064       0x58 ./Core/Src/prchg.o
                0x08002064                configurePrechargeMessage
 .text.sendPrechargeRequest
                0x080020bc       0x48 ./Core/Src/prchg.o
                0x080020bc                sendPrechargeRequest
 .text.processPrechargeResponse
                0x08002104       0x44 ./Core/Src/prchg.o
                0x08002104                processPrechargeResponse
 .text.checkPrechargeStatus
                0x08002148       0x48 ./Core/Src/prchg.o
                0x08002148                checkPrechargeStatus
 .text.HAL_MspInit
                0x08002190       0x34 ./Core/Src/stm32h7xx_hal_msp.o
                0x08002190                HAL_MspInit
 .text.NMI_Handler
                0x080021c4        0x8 ./Core/Src/stm32h7xx_it.o
                0x080021c4                NMI_Handler
 .text.HardFault_Handler
                0x080021cc        0x8 ./Core/Src/stm32h7xx_it.o
                0x080021cc                HardFault_Handler
 .text.MemManage_Handler
                0x080021d4        0x8 ./Core/Src/stm32h7xx_it.o
                0x080021d4                MemManage_Handler
 .text.BusFault_Handler
                0x080021dc        0x8 ./Core/Src/stm32h7xx_it.o
                0x080021dc                BusFault_Handler
 .text.UsageFault_Handler
                0x080021e4        0x8 ./Core/Src/stm32h7xx_it.o
                0x080021e4                UsageFault_Handler
 .text.SVC_Handler
                0x080021ec        0xe ./Core/Src/stm32h7xx_it.o
                0x080021ec                SVC_Handler
 .text.DebugMon_Handler
                0x080021fa        0xe ./Core/Src/stm32h7xx_it.o
                0x080021fa                DebugMon_Handler
 .text.PendSV_Handler
                0x08002208        0xe ./Core/Src/stm32h7xx_it.o
                0x08002208                PendSV_Handler
 .text.SysTick_Handler
                0x08002216        0xc ./Core/Src/stm32h7xx_it.o
                0x08002216                SysTick_Handler
 *fill*         0x08002222        0x2 
 .text.DMA1_Stream0_IRQHandler
                0x08002224       0x14 ./Core/Src/stm32h7xx_it.o
                0x08002224                DMA1_Stream0_IRQHandler
 .text.DMA1_Stream1_IRQHandler
                0x08002238       0x14 ./Core/Src/stm32h7xx_it.o
                0x08002238                DMA1_Stream1_IRQHandler
 .text.FDCAN1_IT0_IRQHandler
                0x0800224c       0x20 ./Core/Src/stm32h7xx_it.o
                0x0800224c                FDCAN1_IT0_IRQHandler
 .text.FDCAN2_IT0_IRQHandler
                0x0800226c       0x14 ./Core/Src/stm32h7xx_it.o
                0x0800226c                FDCAN2_IT0_IRQHandler
 .text.EXTI9_5_IRQHandler
                0x08002280       0x1e ./Core/Src/stm32h7xx_it.o
                0x08002280                EXTI9_5_IRQHandler
 *fill*         0x0800229e        0x2 
 .text.TIM1_UP_IRQHandler
                0x080022a0       0x14 ./Core/Src/stm32h7xx_it.o
                0x080022a0                TIM1_UP_IRQHandler
 .text.TIM2_IRQHandler
                0x080022b4       0x14 ./Core/Src/stm32h7xx_it.o
                0x080022b4                TIM2_IRQHandler
 .text.TIM3_IRQHandler
                0x080022c8       0x14 ./Core/Src/stm32h7xx_it.o
                0x080022c8                TIM3_IRQHandler
 .text.EXTI15_10_IRQHandler
                0x080022dc       0x18 ./Core/Src/stm32h7xx_it.o
                0x080022dc                EXTI15_10_IRQHandler
 .text.ADC3_IRQHandler
                0x080022f4       0x14 ./Core/Src/stm32h7xx_it.o
                0x080022f4                ADC3_IRQHandler
 .text.SystemInit
                0x08002308      0x120 ./Core/Src/system_stm32h7xx.o
                0x08002308                SystemInit
 .text.ExitRun0Mode
                0x08002428       0x30 ./Core/Src/system_stm32h7xx.o
                0x08002428                ExitRun0Mode
 .text.MX_TIM1_Init
                0x08002458       0xa8 ./Core/Src/tim.o
                0x08002458                MX_TIM1_Init
 .text.MX_TIM2_Init
                0x08002500       0x9c ./Core/Src/tim.o
                0x08002500                MX_TIM2_Init
 .text.MX_TIM3_Init
                0x0800259c       0xa0 ./Core/Src/tim.o
                0x0800259c                MX_TIM3_Init
 .text.HAL_TIM_Base_MspInit
                0x0800263c       0xc8 ./Core/Src/tim.o
                0x0800263c                HAL_TIM_Base_MspInit
 .text.resetVCU
                0x08002704       0xc4 ./Core/Src/vcu_state.o
                0x08002704                resetVCU
 .text.configureVCUDiagnosticsMessage
                0x080027c8       0x4c ./Core/Src/vcu_state.o
                0x080027c8                configureVCUDiagnosticsMessage
 .text.sendVCUDiagnostics
                0x08002814      0x218 ./Core/Src/vcu_state.o
                0x08002814                sendVCUDiagnostics
 .text.Reset_Handler
                0x08002a2c       0x54 ./Core/Startup/startup_stm32h723zgtx.o
                0x08002a2c                Reset_Handler
 .text.Default_Handler
                0x08002a80        0x2 ./Core/Startup/startup_stm32h723zgtx.o
                0x08002a80                DMA1_Stream3_IRQHandler
                0x08002a80                EXTI2_IRQHandler
                0x08002a80                TIM8_CC_IRQHandler
                0x08002a80                UART8_IRQHandler
                0x08002a80                SPI4_IRQHandler
                0x08002a80                FDCAN3_IT0_IRQHandler
                0x08002a80                TIM1_CC_IRQHandler
                0x08002a80                BDMA_Channel6_IRQHandler
                0x08002a80                DMA2_Stream5_IRQHandler
                0x08002a80                DMA1_Stream5_IRQHandler
                0x08002a80                CORDIC_IRQHandler
                0x08002a80                BDMA_Channel1_IRQHandler
                0x08002a80                TAMP_STAMP_IRQHandler
                0x08002a80                EXTI3_IRQHandler
                0x08002a80                LPTIM4_IRQHandler
                0x08002a80                TIM8_TRG_COM_TIM14_IRQHandler
                0x08002a80                LPTIM2_IRQHandler
                0x08002a80                DFSDM1_FLT1_IRQHandler
                0x08002a80                DMAMUX2_OVR_IRQHandler
                0x08002a80                TIM8_UP_TIM13_IRQHandler
                0x08002a80                I2C3_ER_IRQHandler
                0x08002a80                DFSDM1_FLT2_IRQHandler
                0x08002a80                I2C5_EV_IRQHandler
                0x08002a80                USART10_IRQHandler
                0x08002a80                MDMA_IRQHandler
                0x08002a80                LPTIM3_IRQHandler
                0x08002a80                HSEM1_IRQHandler
                0x08002a80                EXTI0_IRQHandler
                0x08002a80                I2C2_EV_IRQHandler
                0x08002a80                DMA1_Stream2_IRQHandler
                0x08002a80                FPU_IRQHandler
                0x08002a80                OTG_HS_WKUP_IRQHandler
                0x08002a80                FDCAN1_IT1_IRQHandler
                0x08002a80                LTDC_ER_IRQHandler
                0x08002a80                DMA2_Stream2_IRQHandler
                0x08002a80                SPI1_IRQHandler
                0x08002a80                OCTOSPI1_IRQHandler
                0x08002a80                TIM6_DAC_IRQHandler
                0x08002a80                DMA2_Stream3_IRQHandler
                0x08002a80                OCTOSPI2_IRQHandler
                0x08002a80                DFSDM1_FLT3_IRQHandler
                0x08002a80                TIM23_IRQHandler
                0x08002a80                USART6_IRQHandler
                0x08002a80                TIM17_IRQHandler
                0x08002a80                USART3_IRQHandler
                0x08002a80                BDMA_Channel7_IRQHandler
                0x08002a80                LPTIM5_IRQHandler
                0x08002a80                UART5_IRQHandler
                0x08002a80                DMA2_Stream0_IRQHandler
                0x08002a80                TIM4_IRQHandler
                0x08002a80                BDMA_Channel2_IRQHandler
                0x08002a80                I2C1_EV_IRQHandler
                0x08002a80                DMA1_Stream6_IRQHandler
                0x08002a80                DMAMUX1_OVR_IRQHandler
                0x08002a80                TIM16_IRQHandler
                0x08002a80                UART4_IRQHandler
                0x08002a80                BDMA_Channel5_IRQHandler
                0x08002a80                RCC_IRQHandler
                0x08002a80                UART9_IRQHandler
                0x08002a80                TIM8_BRK_TIM12_IRQHandler
                0x08002a80                TIM1_TRG_COM_IRQHandler
                0x08002a80                Default_Handler
                0x08002a80                ECC_IRQHandler
                0x08002a80                FMAC_IRQHandler
                0x08002a80                CEC_IRQHandler
                0x08002a80                BDMA_Channel0_IRQHandler
                0x08002a80                ADC_IRQHandler
                0x08002a80                I2C5_ER_IRQHandler
                0x08002a80                DMA1_Stream7_IRQHandler
                0x08002a80                SPI5_IRQHandler
                0x08002a80                TIM7_IRQHandler
                0x08002a80                FDCAN3_IT1_IRQHandler
                0x08002a80                SDMMC1_IRQHandler
                0x08002a80                TIM5_IRQHandler
                0x08002a80                DMA2_Stream7_IRQHandler
                0x08002a80                TIM15_IRQHandler
                0x08002a80                PVD_AVD_IRQHandler
                0x08002a80                I2C3_EV_IRQHandler
                0x08002a80                RTC_WKUP_IRQHandler
                0x08002a80                LTDC_IRQHandler
                0x08002a80                ETH_WKUP_IRQHandler
                0x08002a80                SPDIF_RX_IRQHandler
                0x08002a80                SPI2_IRQHandler
                0x08002a80                OTG_HS_EP1_IN_IRQHandler
                0x08002a80                TIM24_IRQHandler
                0x08002a80                CRS_IRQHandler
                0x08002a80                EXTI4_IRQHandler
                0x08002a80                RNG_IRQHandler
                0x08002a80                FDCAN2_IT1_IRQHandler
                0x08002a80                ETH_IRQHandler
                0x08002a80                BDMA_Channel4_IRQHandler
                0x08002a80                OTG_HS_EP1_OUT_IRQHandler
                0x08002a80                WWDG_IRQHandler
                0x08002a80                SPI6_IRQHandler
                0x08002a80                MDIOS_IRQHandler
                0x08002a80                I2C4_EV_IRQHandler
                0x08002a80                LPUART1_IRQHandler
                0x08002a80                OTG_HS_IRQHandler
                0x08002a80                DMA2D_IRQHandler
                0x08002a80                TIM1_BRK_IRQHandler
                0x08002a80                EXTI1_IRQHandler
                0x08002a80                SDMMC2_IRQHandler
                0x08002a80                BDMA_Channel3_IRQHandler
                0x08002a80                DTS_IRQHandler
                0x08002a80                UART7_IRQHandler
                0x08002a80                MDIOS_WKUP_IRQHandler
                0x08002a80                USART2_IRQHandler
                0x08002a80                DFSDM1_FLT0_IRQHandler
                0x08002a80                SAI4_IRQHandler
                0x08002a80                I2C2_ER_IRQHandler
                0x08002a80                DMA2_Stream1_IRQHandler
                0x08002a80                FLASH_IRQHandler
                0x08002a80                DMA2_Stream4_IRQHandler
                0x08002a80                USART1_IRQHandler
                0x08002a80                SPI3_IRQHandler
                0x08002a80                WAKEUP_PIN_IRQHandler
                0x08002a80                DMA1_Stream4_IRQHandler
                0x08002a80                I2C1_ER_IRQHandler
                0x08002a80                FMC_IRQHandler
                0x08002a80                FDCAN_CAL_IRQHandler
                0x08002a80                SWPMI1_IRQHandler
                0x08002a80                COMP1_IRQHandler
                0x08002a80                LPTIM1_IRQHandler
                0x08002a80                DCMI_PSSI_IRQHandler
                0x08002a80                I2C4_ER_IRQHandler
                0x08002a80                DMA2_Stream6_IRQHandler
                0x08002a80                SAI1_IRQHandler
                0x08002a80                RTC_Alarm_IRQHandler
 *fill*         0x08002a82        0x2 
 .text.HAL_Init
                0x08002a84       0x78 ./Drivers/STM32H7xx_HAL_Driver/Src/stm32h7xx_hal.o
                0x08002a84                HAL_Init
 .text.HAL_InitTick
                0x08002afc       0x6c ./Drivers/STM32H7xx_HAL_Driver/Src/stm32h7xx_hal.o
                0x08002afc                HAL_InitTick
 .text.HAL_IncTick
                0x08002b68       0x28 ./Drivers/STM32H7xx_HAL_Driver/Src/stm32h7xx_hal.o
                0x08002b68                HAL_IncTick
 .text.HAL_GetTick
                0x08002b90       0x18 ./Drivers/STM32H7xx_HAL_Driver/Src/stm32h7xx_hal.o
                0x08002b90                HAL_GetTick
 .text.HAL_SYSCFG_AnalogSwitchConfig
                0x08002ba8       0x2c ./Drivers/STM32H7xx_HAL_Driver/Src/stm32h7xx_hal.o
                0x08002ba8                HAL_SYSCFG_AnalogSwitchConfig
 .text.LL_ADC_SetCommonClock
                0x08002bd4       0x26 ./Drivers/STM32H7xx_HAL_Driver/Src/stm32h7xx_hal_adc.o
 .text.LL_ADC_SetCommonPathInternalCh
                0x08002bfa       0x26 ./Drivers/STM32H7xx_HAL_Driver/Src/stm32h7xx_hal_adc.o
 .text.LL_ADC_GetCommonPathInternalCh
                0x08002c20       0x1c ./Drivers/STM32H7xx_HAL_Driver/Src/stm32h7xx_hal_adc.o
 .text.LL_ADC_SetChannelPreselection
                0x08002c3c       0x74 ./Drivers/STM32H7xx_HAL_Driver/Src/stm32h7xx_hal_adc.o
 .text.LL_ADC_SetOffset
                0x08002cb0       0x64 ./Drivers/STM32H7xx_HAL_Driver/Src/stm32h7xx_hal_adc.o
 .text.LL_ADC_GetOffsetChannel
                0x08002d14       0x2c ./Drivers/STM32H7xx_HAL_Driver/Src/stm32h7xx_hal_adc.o
 .text.LL_ADC_SetDataRightShift
                0x08002d40       0x32 ./Drivers/STM32H7xx_HAL_Driver/Src/stm32h7xx_hal_adc.o
 *fill*         0x08002d72        0x2 
 .text.LL_ADC_SetOffsetSignedSaturation
                0x08002d74       0x44 ./Drivers/STM32H7xx_HAL_Driver/Src/stm32h7xx_hal_adc.o
 .text.LL_ADC_SetOffsetSaturation
                0x08002db8       0x44 ./Drivers/STM32H7xx_HAL_Driver/Src/stm32h7xx_hal_adc.o
 .text.LL_ADC_SetOffsetSign
                0x08002dfc       0x44 ./Drivers/STM32H7xx_HAL_Driver/Src/stm32h7xx_hal_adc.o
 .text.LL_ADC_SetOffsetState
                0x08002e40       0x54 ./Drivers/STM32H7xx_HAL_Driver/Src/stm32h7xx_hal_adc.o
 .text.LL_ADC_REG_IsTriggerSourceSWStart
                0x08002e94       0x26 ./Drivers/STM32H7xx_HAL_Driver/Src/stm32h7xx_hal_adc.o
 .text.LL_ADC_REG_SetSequencerRanks
                0x08002eba       0x58 ./Drivers/STM32H7xx_HAL_Driver/Src/stm32h7xx_hal_adc.o
 .text.LL_ADC_REG_SetDataTransferMode
                0x08002f12       0x26 ./Drivers/STM32H7xx_HAL_Driver/Src/stm32h7xx_hal_adc.o
 .text.LL_ADC_EnableDMAReq
                0x08002f38       0x20 ./Drivers/STM32H7xx_HAL_Driver/Src/stm32h7xx_hal_adc.o
 .text.LL_ADC_REG_SetDMATransferMode
                0x08002f58       0x34 ./Drivers/STM32H7xx_HAL_Driver/Src/stm32h7xx_hal_adc.o
 .text.LL_ADC_INJ_IsTriggerSourceSWStart
                0x08002f8c       0x26 ./Drivers/STM32H7xx_HAL_Driver/Src/stm32h7xx_hal_adc.o
 .text.LL_ADC_SetChannelSamplingTime
                0x08002fb2       0x56 ./Drivers/STM32H7xx_HAL_Driver/Src/stm32h7xx_hal_adc.o
 .text.LL_ADC_SetChannelSingleDiff
                0x08003008       0x80 ./Drivers/STM32H7xx_HAL_Driver/Src/stm32h7xx_hal_adc.o
 .text.LL_ADC_GetMultimode
                0x08003088       0x1c ./Drivers/STM32H7xx_HAL_Driver/Src/stm32h7xx_hal_adc.o
 .text.LL_ADC_GetMultiDMATransfer
                0x080030a4       0x1c ./Drivers/STM32H7xx_HAL_Driver/Src/stm32h7xx_hal_adc.o
 .text.LL_ADC_DisableDeepPowerDown
                0x080030c0       0x24 ./Drivers/STM32H7xx_HAL_Driver/Src/stm32h7xx_hal_adc.o
 .text.LL_ADC_IsDeepPowerDownEnabled
                0x080030e4       0x28 ./Drivers/STM32H7xx_HAL_Driver/Src/stm32h7xx_hal_adc.o
 .text.LL_ADC_EnableInternalRegulator
                0x0800310c       0x28 ./Drivers/STM32H7xx_HAL_Driver/Src/stm32h7xx_hal_adc.o
 .text.LL_ADC_IsInternalRegulatorEnabled
                0x08003134       0x28 ./Drivers/STM32H7xx_HAL_Driver/Src/stm32h7xx_hal_adc.o
 .text.LL_ADC_Enable
                0x0800315c       0x28 ./Drivers/STM32H7xx_HAL_Driver/Src/stm32h7xx_hal_adc.o
 .text.LL_ADC_Disable
                0x08003184       0x28 ./Drivers/STM32H7xx_HAL_Driver/Src/stm32h7xx_hal_adc.o
 .text.LL_ADC_IsEnabled
                0x080031ac       0x26 ./Drivers/STM32H7xx_HAL_Driver/Src/stm32h7xx_hal_adc.o
 .text.LL_ADC_IsDisableOngoing
                0x080031d2       0x26 ./Drivers/STM32H7xx_HAL_Driver/Src/stm32h7xx_hal_adc.o
 .text.LL_ADC_REG_StartConversion
                0x080031f8       0x28 ./Drivers/STM32H7xx_HAL_Driver/Src/stm32h7xx_hal_adc.o
 .text.LL_ADC_REG_StopConversion
                0x08003220       0x28 ./Drivers/STM32H7xx_HAL_Driver/Src/stm32h7xx_hal_adc.o
 .text.LL_ADC_REG_IsConversionOngoing
                0x08003248       0x26 ./Drivers/STM32H7xx_HAL_Driver/Src/stm32h7xx_hal_adc.o
 *fill*         0x0800326e        0x2 
 .text.LL_ADC_INJ_StopConversion
                0x08003270       0x28 ./Drivers/STM32H7xx_HAL_Driver/Src/stm32h7xx_hal_adc.o
 .text.LL_ADC_INJ_IsConversionOngoing
                0x08003298       0x26 ./Drivers/STM32H7xx_HAL_Driver/Src/stm32h7xx_hal_adc.o
 *fill*         0x080032be        0x2 
 .text.HAL_ADC_Init
                0x080032c0      0x410 ./Drivers/STM32H7xx_HAL_Driver/Src/stm32h7xx_hal_adc.o
                0x080032c0                HAL_ADC_Init
 .text.HAL_ADC_Start_DMA
                0x080036d0      0x1b8 ./Drivers/STM32H7xx_HAL_Driver/Src/stm32h7xx_hal_adc.o
                0x080036d0                HAL_ADC_Start_DMA
 .text.HAL_ADC_Stop_DMA
                0x08003888       0xc4 ./Drivers/STM32H7xx_HAL_Driver/Src/stm32h7xx_hal_adc.o
                0x08003888                HAL_ADC_Stop_DMA
 .text.HAL_ADC_IRQHandler
                0x0800394c      0x474 ./Drivers/STM32H7xx_HAL_Driver/Src/stm32h7xx_hal_adc.o
                0x0800394c                HAL_ADC_IRQHandler
 .text.HAL_ADC_ConvHalfCpltCallback
                0x08003dc0       0x14 ./Drivers/STM32H7xx_HAL_Driver/Src/stm32h7xx_hal_adc.o
                0x08003dc0                HAL_ADC_ConvHalfCpltCallback
 .text.HAL_ADC_LevelOutOfWindowCallback
                0x08003dd4       0x14 ./Drivers/STM32H7xx_HAL_Driver/Src/stm32h7xx_hal_adc.o
                0x08003dd4                HAL_ADC_LevelOutOfWindowCallback
 .text.HAL_ADC_ErrorCallback
                0x08003de8       0x14 ./Drivers/STM32H7xx_HAL_Driver/Src/stm32h7xx_hal_adc.o
                0x08003de8                HAL_ADC_ErrorCallback
 .text.HAL_ADC_ConfigChannel
                0x08003dfc      0x9a8 ./Drivers/STM32H7xx_HAL_Driver/Src/stm32h7xx_hal_adc.o
                0x08003dfc                HAL_ADC_ConfigChannel
 .text.ADC_ConversionStop
                0x080047a4      0x178 ./Drivers/STM32H7xx_HAL_Driver/Src/stm32h7xx_hal_adc.o
                0x080047a4                ADC_ConversionStop
 .text.ADC_Enable
                0x0800491c      0x114 ./Drivers/STM32H7xx_HAL_Driver/Src/stm32h7xx_hal_adc.o
                0x0800491c                ADC_Enable
 .text.ADC_Disable
                0x08004a30       0xbe ./Drivers/STM32H7xx_HAL_Driver/Src/stm32h7xx_hal_adc.o
                0x08004a30                ADC_Disable
 .text.ADC_DMAConvCplt
                0x08004aee       0xd8 ./Drivers/STM32H7xx_HAL_Driver/Src/stm32h7xx_hal_adc.o
                0x08004aee                ADC_DMAConvCplt
 .text.ADC_DMAHalfConvCplt
                0x08004bc6       0x1c ./Drivers/STM32H7xx_HAL_Driver/Src/stm32h7xx_hal_adc.o
                0x08004bc6                ADC_DMAHalfConvCplt
 .text.ADC_DMAError
                0x08004be2       0x34 ./Drivers/STM32H7xx_HAL_Driver/Src/stm32h7xx_hal_adc.o
                0x08004be2                ADC_DMAError
 *fill*         0x08004c16        0x2 
 .text.ADC_ConfigureBoostMode
                0x08004c18      0x1dc ./Drivers/STM32H7xx_HAL_Driver/Src/stm32h7xx_hal_adc.o
                0x08004c18                ADC_ConfigureBoostMode
 .text.LL_ADC_StartCalibration
                0x08004df4       0x3c ./Drivers/STM32H7xx_HAL_Driver/Src/stm32h7xx_hal_adc_ex.o
 .text.LL_ADC_IsCalibrationOnGoing
                0x08004e30       0x28 ./Drivers/STM32H7xx_HAL_Driver/Src/stm32h7xx_hal_adc_ex.o
 .text.HAL_ADCEx_Calibration_Start
                0x08004e58       0xc8 ./Drivers/STM32H7xx_HAL_Driver/Src/stm32h7xx_hal_adc_ex.o
                0x08004e58                HAL_ADCEx_Calibration_Start
 .text.HAL_ADCEx_InjectedConvCpltCallback
                0x08004f20       0x14 ./Drivers/STM32H7xx_HAL_Driver/Src/stm32h7xx_hal_adc_ex.o
                0x08004f20                HAL_ADCEx_InjectedConvCpltCallback
 .text.HAL_ADCEx_InjectedQueueOverflowCallback
                0x08004f34       0x14 ./Drivers/STM32H7xx_HAL_Driver/Src/stm32h7xx_hal_adc_ex.o
                0x08004f34                HAL_ADCEx_InjectedQueueOverflowCallback
 .text.HAL_ADCEx_LevelOutOfWindow2Callback
                0x08004f48       0x14 ./Drivers/STM32H7xx_HAL_Driver/Src/stm32h7xx_hal_adc_ex.o
                0x08004f48                HAL_ADCEx_LevelOutOfWindow2Callback
 .text.HAL_ADCEx_LevelOutOfWindow3Callback
                0x08004f5c       0x14 ./Drivers/STM32H7xx_HAL_Driver/Src/stm32h7xx_hal_adc_ex.o
                0x08004f5c                HAL_ADCEx_LevelOutOfWindow3Callback
 .text.HAL_ADCEx_EndOfSamplingCallback
                0x08004f70       0x14 ./Drivers/STM32H7xx_HAL_Driver/Src/stm32h7xx_hal_adc_ex.o
                0x08004f70                HAL_ADCEx_EndOfSamplingCallback
 .text.__NVIC_SetPriorityGrouping
                0x08004f84       0x48 ./Drivers/STM32H7xx_HAL_Driver/Src/stm32h7xx_hal_cortex.o
 .text.__NVIC_GetPriorityGrouping
                0x08004fcc       0x1c ./Drivers/STM32H7xx_HAL_Driver/Src/stm32h7xx_hal_cortex.o
 .text.__NVIC_EnableIRQ
                0x08004fe8       0x3c ./Drivers/STM32H7xx_HAL_Driver/Src/stm32h7xx_hal_cortex.o
 .text.__NVIC_DisableIRQ
                0x08005024       0x48 ./Drivers/STM32H7xx_HAL_Driver/Src/stm32h7xx_hal_cortex.o
 .text.__NVIC_SetPriority
                0x0800506c       0x54 ./Drivers/STM32H7xx_HAL_Driver/Src/stm32h7xx_hal_cortex.o
 .text.NVIC_EncodePriority
                0x080050c0       0x66 ./Drivers/STM32H7xx_HAL_Driver/Src/stm32h7xx_hal_cortex.o
 *fill*         0x08005126        0x2 
 .text.SysTick_Config
                0x08005128       0x44 ./Drivers/STM32H7xx_HAL_Driver/Src/stm32h7xx_hal_cortex.o
 .text.HAL_NVIC_SetPriorityGrouping
                0x0800516c       0x16 ./Drivers/STM32H7xx_HAL_Driver/Src/stm32h7xx_hal_cortex.o
                0x0800516c                HAL_NVIC_SetPriorityGrouping
 .text.HAL_NVIC_SetPriority
                0x08005182       0x34 ./Drivers/STM32H7xx_HAL_Driver/Src/stm32h7xx_hal_cortex.o
                0x08005182                HAL_NVIC_SetPriority
 .text.HAL_NVIC_EnableIRQ
                0x080051b6       0x1c ./Drivers/STM32H7xx_HAL_Driver/Src/stm32h7xx_hal_cortex.o
                0x080051b6                HAL_NVIC_EnableIRQ
 .text.HAL_NVIC_DisableIRQ
                0x080051d2       0x1c ./Drivers/STM32H7xx_HAL_Driver/Src/stm32h7xx_hal_cortex.o
                0x080051d2                HAL_NVIC_DisableIRQ
 .text.HAL_SYSTICK_Config
                0x080051ee       0x18 ./Drivers/STM32H7xx_HAL_Driver/Src/stm32h7xx_hal_cortex.o
                0x080051ee                HAL_SYSTICK_Config
 *fill*         0x08005206        0x2 
 .text.HAL_MPU_Disable
                0x08005208       0x30 ./Drivers/STM32H7xx_HAL_Driver/Src/stm32h7xx_hal_cortex.o
                0x08005208                HAL_MPU_Disable
 .text.HAL_MPU_Enable
                0x08005238       0x40 ./Drivers/STM32H7xx_HAL_Driver/Src/stm32h7xx_hal_cortex.o
                0x08005238                HAL_MPU_Enable
 .text.HAL_MPU_ConfigRegion
                0x08005278       0x80 ./Drivers/STM32H7xx_HAL_Driver/Src/stm32h7xx_hal_cortex.o
                0x08005278                HAL_MPU_ConfigRegion
 .text.HAL_DMA_Init
                0x080052f8      0x6b0 ./Drivers/STM32H7xx_HAL_Driver/Src/stm32h7xx_hal_dma.o
                0x080052f8                HAL_DMA_Init
 .text.HAL_DMA_Start_IT
                0x080059a8      0x4d4 ./Drivers/STM32H7xx_HAL_Driver/Src/stm32h7xx_hal_dma.o
                0x080059a8                HAL_DMA_Start_IT
 .text.HAL_DMA_Abort
                0x08005e7c      0x63c ./Drivers/STM32H7xx_HAL_Driver/Src/stm32h7xx_hal_dma.o
                0x08005e7c                HAL_DMA_Abort
 .text.HAL_DMA_IRQHandler
                0x080064b8      0xe54 ./Drivers/STM32H7xx_HAL_Driver/Src/stm32h7xx_hal_dma.o
                0x080064b8                HAL_DMA_IRQHandler
 .text.DMA_SetConfig
                0x0800730c      0x358 ./Drivers/STM32H7xx_HAL_Driver/Src/stm32h7xx_hal_dma.o
 .text.DMA_CalcBaseAndBitshift
                0x08007664      0x164 ./Drivers/STM32H7xx_HAL_Driver/Src/stm32h7xx_hal_dma.o
 .text.DMA_CheckFifoParam
                0x080077c8       0xf8 ./Drivers/STM32H7xx_HAL_Driver/Src/stm32h7xx_hal_dma.o
 .text.DMA_CalcDMAMUXChannelBaseAndMask
                0x080078c0      0x134 ./Drivers/STM32H7xx_HAL_Driver/Src/stm32h7xx_hal_dma.o
 .text.DMA_CalcDMAMUXRequestGenBaseAndMask
                0x080079f4       0xe8 ./Drivers/STM32H7xx_HAL_Driver/Src/stm32h7xx_hal_dma.o
 .text.HAL_FDCAN_Init
                0x08007adc      0x3bc ./Drivers/STM32H7xx_HAL_Driver/Src/stm32h7xx_hal_fdcan.o
                0x08007adc                HAL_FDCAN_Init
 .text.HAL_FDCAN_ConfigFilter
                0x08007e98       0xec ./Drivers/STM32H7xx_HAL_Driver/Src/stm32h7xx_hal_fdcan.o
                0x08007e98                HAL_FDCAN_ConfigFilter
 .text.HAL_FDCAN_Start
                0x08007f84       0x56 ./Drivers/STM32H7xx_HAL_Driver/Src/stm32h7xx_hal_fdcan.o
                0x08007f84                HAL_FDCAN_Start
 .text.HAL_FDCAN_AddMessageToTxFifoQ
                0x08007fda       0xb6 ./Drivers/STM32H7xx_HAL_Driver/Src/stm32h7xx_hal_fdcan.o
                0x08007fda                HAL_FDCAN_AddMessageToTxFifoQ
 .text.HAL_FDCAN_GetRxMessage
                0x08008090      0x2d8 ./Drivers/STM32H7xx_HAL_Driver/Src/stm32h7xx_hal_fdcan.o
                0x08008090                HAL_FDCAN_GetRxMessage
 .text.HAL_FDCAN_GetTxFifoFreeLevel
                0x08008368       0x24 ./Drivers/STM32H7xx_HAL_Driver/Src/stm32h7xx_hal_fdcan.o
                0x08008368                HAL_FDCAN_GetTxFifoFreeLevel
 .text.HAL_FDCAN_ActivateNotification
                0x0800838c       0xf4 ./Drivers/STM32H7xx_HAL_Driver/Src/stm32h7xx_hal_fdcan.o
                0x0800838c                HAL_FDCAN_ActivateNotification
 .text.HAL_FDCAN_IRQHandler
                0x08008480      0x4bc ./Drivers/STM32H7xx_HAL_Driver/Src/stm32h7xx_hal_fdcan.o
                0x08008480                HAL_FDCAN_IRQHandler
 .text.HAL_FDCAN_ClockCalibrationCallback
                0x0800893c       0x16 ./Drivers/STM32H7xx_HAL_Driver/Src/stm32h7xx_hal_fdcan.o
                0x0800893c                HAL_FDCAN_ClockCalibrationCallback
 .text.HAL_FDCAN_TxEventFifoCallback
                0x08008952       0x16 ./Drivers/STM32H7xx_HAL_Driver/Src/stm32h7xx_hal_fdcan.o
                0x08008952                HAL_FDCAN_TxEventFifoCallback
 .text.HAL_FDCAN_TxFifoEmptyCallback
                0x08008968       0x14 ./Drivers/STM32H7xx_HAL_Driver/Src/stm32h7xx_hal_fdcan.o
                0x08008968                HAL_FDCAN_TxFifoEmptyCallback
 .text.HAL_FDCAN_TxBufferCompleteCallback
                0x0800897c       0x16 ./Drivers/STM32H7xx_HAL_Driver/Src/stm32h7xx_hal_fdcan.o
                0x0800897c                HAL_FDCAN_TxBufferCompleteCallback
 .text.HAL_FDCAN_TxBufferAbortCallback
                0x08008992       0x16 ./Drivers/STM32H7xx_HAL_Driver/Src/stm32h7xx_hal_fdcan.o
                0x08008992                HAL_FDCAN_TxBufferAbortCallback
 .text.HAL_FDCAN_RxBufferNewMessageCallback
                0x080089a8       0x14 ./Drivers/STM32H7xx_HAL_Driver/Src/stm32h7xx_hal_fdcan.o
                0x080089a8                HAL_FDCAN_RxBufferNewMessageCallback
 .text.HAL_FDCAN_TimestampWraparoundCallback
                0x080089bc       0x14 ./Drivers/STM32H7xx_HAL_Driver/Src/stm32h7xx_hal_fdcan.o
                0x080089bc                HAL_FDCAN_TimestampWraparoundCallback
 .text.HAL_FDCAN_TimeoutOccurredCallback
                0x080089d0       0x14 ./Drivers/STM32H7xx_HAL_Driver/Src/stm32h7xx_hal_fdcan.o
                0x080089d0                HAL_FDCAN_TimeoutOccurredCallback
 .text.HAL_FDCAN_HighPriorityMessageCallback
                0x080089e4       0x14 ./Drivers/STM32H7xx_HAL_Driver/Src/stm32h7xx_hal_fdcan.o
                0x080089e4                HAL_FDCAN_HighPriorityMessageCallback
 .text.HAL_FDCAN_ErrorCallback
                0x080089f8       0x14 ./Drivers/STM32H7xx_HAL_Driver/Src/stm32h7xx_hal_fdcan.o
                0x080089f8                HAL_FDCAN_ErrorCallback
 .text.HAL_FDCAN_ErrorStatusCallback
                0x08008a0c       0x16 ./Drivers/STM32H7xx_HAL_Driver/Src/stm32h7xx_hal_fdcan.o
                0x08008a0c                HAL_FDCAN_ErrorStatusCallback
 .text.HAL_FDCAN_TT_ScheduleSyncCallback
                0x08008a22       0x16 ./Drivers/STM32H7xx_HAL_Driver/Src/stm32h7xx_hal_fdcan.o
                0x08008a22                HAL_FDCAN_TT_ScheduleSyncCallback
 .text.HAL_FDCAN_TT_TimeMarkCallback
                0x08008a38       0x16 ./Drivers/STM32H7xx_HAL_Driver/Src/stm32h7xx_hal_fdcan.o
                0x08008a38                HAL_FDCAN_TT_TimeMarkCallback
 .text.HAL_FDCAN_TT_StopWatchCallback
                0x08008a4e       0x18 ./Drivers/STM32H7xx_HAL_Driver/Src/stm32h7xx_hal_fdcan.o
                0x08008a4e                HAL_FDCAN_TT_StopWatchCallback
 .text.HAL_FDCAN_TT_GlobalTimeCallback
                0x08008a66       0x16 ./Drivers/STM32H7xx_HAL_Driver/Src/stm32h7xx_hal_fdcan.o
                0x08008a66                HAL_FDCAN_TT_GlobalTimeCallback
 .text.FDCAN_CalcultateRamBlockAddresses
                0x08008a7c      0x30c ./Drivers/STM32H7xx_HAL_Driver/Src/stm32h7xx_hal_fdcan.o
 .text.FDCAN_CopyMessageToRAM
                0x08008d88       0xfc ./Drivers/STM32H7xx_HAL_Driver/Src/stm32h7xx_hal_fdcan.o
 .text.HAL_GPIO_Init
                0x08008e84      0x350 ./Drivers/STM32H7xx_HAL_Driver/Src/stm32h7xx_hal_gpio.o
                0x08008e84                HAL_GPIO_Init
 .text.HAL_GPIO_ReadPin
                0x080091d4       0x30 ./Drivers/STM32H7xx_HAL_Driver/Src/stm32h7xx_hal_gpio.o
                0x080091d4                HAL_GPIO_ReadPin
 .text.HAL_GPIO_EXTI_IRQHandler
                0x08009204       0x34 ./Drivers/STM32H7xx_HAL_Driver/Src/stm32h7xx_hal_gpio.o
                0x08009204                HAL_GPIO_EXTI_IRQHandler
 .text.HAL_I2S_Init
                0x08009238      0x260 ./Drivers/STM32H7xx_HAL_Driver/Src/stm32h7xx_hal_i2s.o
                0x08009238                HAL_I2S_Init
 .text.HAL_I2S_Transmit
                0x08009498      0x1cc ./Drivers/STM32H7xx_HAL_Driver/Src/stm32h7xx_hal_i2s.o
                0x08009498                HAL_I2S_Transmit
 .text.HAL_I2S_DMAStop
                0x08009664       0x9e ./Drivers/STM32H7xx_HAL_Driver/Src/stm32h7xx_hal_i2s.o
                0x08009664                HAL_I2S_DMAStop
 .text.HAL_I2S_GetState
                0x08009702       0x1c ./Drivers/STM32H7xx_HAL_Driver/Src/stm32h7xx_hal_i2s.o
                0x08009702                HAL_I2S_GetState
 .text.HAL_I2S_GetError
                0x0800971e       0x18 ./Drivers/STM32H7xx_HAL_Driver/Src/stm32h7xx_hal_i2s.o
                0x0800971e                HAL_I2S_GetError
 .text.I2S_WaitFlagStateUntilTimeout
                0x08009736       0x6c ./Drivers/STM32H7xx_HAL_Driver/Src/stm32h7xx_hal_i2s.o
 *fill*         0x080097a2        0x2 
 .text.HAL_PWREx_ConfigSupply
                0x080097a4       0x74 ./Drivers/STM32H7xx_HAL_Driver/Src/stm32h7xx_hal_pwr_ex.o
                0x080097a4                HAL_PWREx_ConfigSupply
 .text.HAL_RCC_OscConfig
                0x08009818      0x7b4 ./Drivers/STM32H7xx_HAL_Driver/Src/stm32h7xx_hal_rcc.o
                0x08009818                HAL_RCC_OscConfig
 .text.HAL_RCC_ClockConfig
                0x08009fcc      0x36c ./Drivers/STM32H7xx_HAL_Driver/Src/stm32h7xx_hal_rcc.o
                0x08009fcc                HAL_RCC_ClockConfig
 .text.HAL_RCC_GetSysClockFreq
                0x0800a338      0x2f4 ./Drivers/STM32H7xx_HAL_Driver/Src/stm32h7xx_hal_rcc.o
                0x0800a338                HAL_RCC_GetSysClockFreq
 .text.HAL_RCC_GetHCLKFreq
                0x0800a62c       0x60 ./Drivers/STM32H7xx_HAL_Driver/Src/stm32h7xx_hal_rcc.o
                0x0800a62c                HAL_RCC_GetHCLKFreq
 .text.HAL_RCC_GetPCLK1Freq
                0x0800a68c       0x2c ./Drivers/STM32H7xx_HAL_Driver/Src/stm32h7xx_hal_rcc.o
                0x0800a68c                HAL_RCC_GetPCLK1Freq
 .text.HAL_RCCEx_PeriphCLKConfig
                0x0800a6b8     0x1340 ./Drivers/STM32H7xx_HAL_Driver/Src/stm32h7xx_hal_rcc_ex.o
                0x0800a6b8                HAL_RCCEx_PeriphCLKConfig
 .text.HAL_RCCEx_GetPeriphCLKFreq
                0x0800b9f8      0x9a4 ./Drivers/STM32H7xx_HAL_Driver/Src/stm32h7xx_hal_rcc_ex.o
                0x0800b9f8                HAL_RCCEx_GetPeriphCLKFreq
 .text.HAL_RCCEx_GetD3PCLK1Freq
                0x0800c39c       0x2c ./Drivers/STM32H7xx_HAL_Driver/Src/stm32h7xx_hal_rcc_ex.o
                0x0800c39c                HAL_RCCEx_GetD3PCLK1Freq
 .text.HAL_RCCEx_GetPLL2ClockFreq
                0x0800c3c8      0x2a8 ./Drivers/STM32H7xx_HAL_Driver/Src/stm32h7xx_hal_rcc_ex.o
                0x0800c3c8                HAL_RCCEx_GetPLL2ClockFreq
 .text.HAL_RCCEx_GetPLL3ClockFreq
                0x0800c670      0x2a8 ./Drivers/STM32H7xx_HAL_Driver/Src/stm32h7xx_hal_rcc_ex.o
                0x0800c670                HAL_RCCEx_GetPLL3ClockFreq
 .text.HAL_RCCEx_GetPLL1ClockFreq
                0x0800c918      0x2a4 ./Drivers/STM32H7xx_HAL_Driver/Src/stm32h7xx_hal_rcc_ex.o
                0x0800c918                HAL_RCCEx_GetPLL1ClockFreq
 .text.RCCEx_PLL2_Config
                0x0800cbbc      0x164 ./Drivers/STM32H7xx_HAL_Driver/Src/stm32h7xx_hal_rcc_ex.o
 .text.RCCEx_PLL3_Config
                0x0800cd20      0x164 ./Drivers/STM32H7xx_HAL_Driver/Src/stm32h7xx_hal_rcc_ex.o
 .text.HAL_TIM_Base_Init
                0x0800ce84       0xae ./Drivers/STM32H7xx_HAL_Driver/Src/stm32h7xx_hal_tim.o
                0x0800ce84                HAL_TIM_Base_Init
 *fill*         0x0800cf32        0x2 
 .text.HAL_TIM_Base_Start_IT
                0x0800cf34      0x10c ./Drivers/STM32H7xx_HAL_Driver/Src/stm32h7xx_hal_tim.o
                0x0800cf34                HAL_TIM_Base_Start_IT
 .text.HAL_TIM_Base_Stop_IT
                0x0800d040       0x5e ./Drivers/STM32H7xx_HAL_Driver/Src/stm32h7xx_hal_tim.o
                0x0800d040                HAL_TIM_Base_Stop_IT
 .text.HAL_TIM_IRQHandler
                0x0800d09e      0x20e ./Drivers/STM32H7xx_HAL_Driver/Src/stm32h7xx_hal_tim.o
                0x0800d09e                HAL_TIM_IRQHandler
 .text.HAL_TIM_ConfigClockSource
                0x0800d2ac      0x1f0 ./Drivers/STM32H7xx_HAL_Driver/Src/stm32h7xx_hal_tim.o
                0x0800d2ac                HAL_TIM_ConfigClockSource
 .text.HAL_TIM_OC_DelayElapsedCallback
                0x0800d49c       0x14 ./Drivers/STM32H7xx_HAL_Driver/Src/stm32h7xx_hal_tim.o
                0x0800d49c                HAL_TIM_OC_DelayElapsedCallback
 .text.HAL_TIM_IC_CaptureCallback
                0x0800d4b0       0x14 ./Drivers/STM32H7xx_HAL_Driver/Src/stm32h7xx_hal_tim.o
                0x0800d4b0                HAL_TIM_IC_CaptureCallback
 .text.HAL_TIM_PWM_PulseFinishedCallback
                0x0800d4c4       0x14 ./Drivers/STM32H7xx_HAL_Driver/Src/stm32h7xx_hal_tim.o
                0x0800d4c4                HAL_TIM_PWM_PulseFinishedCallback
 .text.HAL_TIM_TriggerCallback
                0x0800d4d8       0x14 ./Drivers/STM32H7xx_HAL_Driver/Src/stm32h7xx_hal_tim.o
                0x0800d4d8                HAL_TIM_TriggerCallback
 .text.TIM_Base_SetConfig
                0x0800d4ec      0x158 ./Drivers/STM32H7xx_HAL_Driver/Src/stm32h7xx_hal_tim.o
                0x0800d4ec                TIM_Base_SetConfig
 .text.TIM_TI1_ConfigInputStage
                0x0800d644       0x5e ./Drivers/STM32H7xx_HAL_Driver/Src/stm32h7xx_hal_tim.o
 .text.TIM_TI2_ConfigInputStage
                0x0800d6a2       0x60 ./Drivers/STM32H7xx_HAL_Driver/Src/stm32h7xx_hal_tim.o
 *fill*         0x0800d702        0x2 
 .text.TIM_ITRx_SetConfig
                0x0800d704       0x3c ./Drivers/STM32H7xx_HAL_Driver/Src/stm32h7xx_hal_tim.o
 .text.TIM_ETR_SetConfig
                0x0800d740       0x40 ./Drivers/STM32H7xx_HAL_Driver/Src/stm32h7xx_hal_tim.o
                0x0800d740                TIM_ETR_SetConfig
 .text.HAL_TIMEx_MasterConfigSynchronization
                0x0800d780      0x138 ./Drivers/STM32H7xx_HAL_Driver/Src/stm32h7xx_hal_tim_ex.o
                0x0800d780                HAL_TIMEx_MasterConfigSynchronization
 .text.HAL_TIMEx_CommutCallback
                0x0800d8b8       0x14 ./Drivers/STM32H7xx_HAL_Driver/Src/stm32h7xx_hal_tim_ex.o
                0x0800d8b8                HAL_TIMEx_CommutCallback
 .text.HAL_TIMEx_BreakCallback
                0x0800d8cc       0x14 ./Drivers/STM32H7xx_HAL_Driver/Src/stm32h7xx_hal_tim_ex.o
                0x0800d8cc                HAL_TIMEx_BreakCallback
 .text.HAL_TIMEx_Break2Callback
                0x0800d8e0       0x14 ./Drivers/STM32H7xx_HAL_Driver/Src/stm32h7xx_hal_tim_ex.o
                0x0800d8e0                HAL_TIMEx_Break2Callback
 .text.memset   0x0800d8f4       0x10 /Applications/STM32CubeIDE.app/Contents/Eclipse/plugins/com.st.stm32cube.ide.mcu.externaltools.gnu-tools-for-stm32.13.3.rel1.macos64_1.0.0.202411102158/tools/bin/../lib/gcc/arm-none-eabi/13.3.1/../../../../arm-none-eabi/lib/thumb/v7e-m+dp/hard/libc_nano.a(libc_a-memset.o)
                0x0800d8f4                memset
 .text.__libc_init_array
                0x0800d904       0x48 /Applications/STM32CubeIDE.app/Contents/Eclipse/plugins/com.st.stm32cube.ide.mcu.externaltools.gnu-tools-for-stm32.13.3.rel1.macos64_1.0.0.202411102158/tools/bin/../lib/gcc/arm-none-eabi/13.3.1/../../../../arm-none-eabi/lib/thumb/v7e-m+dp/hard/libc_nano.a(libc_a-init.o)
                0x0800d904                __libc_init_array
 .text.memcpy   0x0800d94c       0x1c /Applications/STM32CubeIDE.app/Contents/Eclipse/plugins/com.st.stm32cube.ide.mcu.externaltools.gnu-tools-for-stm32.13.3.rel1.macos64_1.0.0.202411102158/tools/bin/../lib/gcc/arm-none-eabi/13.3.1/../../../../arm-none-eabi/lib/thumb/v7e-m+dp/hard/libc_nano.a(libc_a-memcpy-stub.o)
                0x0800d94c                memcpy
 *(.glue_7)
 .glue_7        0x0800d968        0x0 linker stubs
 *(.glue_7t)
 .glue_7t       0x0800d968        0x0 linker stubs
 *(.eh_frame)
 .eh_frame      0x0800d968        0x0 /Applications/STM32CubeIDE.app/Contents/Eclipse/plugins/com.st.stm32cube.ide.mcu.externaltools.gnu-tools-for-stm32.13.3.rel1.macos64_1.0.0.202411102158/tools/bin/../lib/gcc/arm-none-eabi/13.3.1/thumb/v7e-m+dp/hard/crtbegin.o
 *(.init)
 .init          0x0800d968        0x4 /Applications/STM32CubeIDE.app/Contents/Eclipse/plugins/com.st.stm32cube.ide.mcu.externaltools.gnu-tools-for-stm32.13.3.rel1.macos64_1.0.0.202411102158/tools/bin/../lib/gcc/arm-none-eabi/13.3.1/thumb/v7e-m+dp/hard/crti.o
                0x0800d968                _init
 .init          0x0800d96c        0x8 /Applications/STM32CubeIDE.app/Contents/Eclipse/plugins/com.st.stm32cube.ide.mcu.externaltools.gnu-tools-for-stm32.13.3.rel1.macos64_1.0.0.202411102158/tools/bin/../lib/gcc/arm-none-eabi/13.3.1/thumb/v7e-m+dp/hard/crtn.o
 *(.fini)
 .fini          0x0800d974        0x4 /Applications/STM32CubeIDE.app/Contents/Eclipse/plugins/com.st.stm32cube.ide.mcu.externaltools.gnu-tools-for-stm32.13.3.rel1.macos64_1.0.0.202411102158/tools/bin/../lib/gcc/arm-none-eabi/13.3.1/thumb/v7e-m+dp/hard/crti.o
                0x0800d974                _fini
 .fini          0x0800d978        0x8 /Applications/STM32CubeIDE.app/Contents/Eclipse/plugins/com.st.stm32cube.ide.mcu.externaltools.gnu-tools-for-stm32.13.3.rel1.macos64_1.0.0.202411102158/tools/bin/../lib/gcc/arm-none-eabi/13.3.1/thumb/v7e-m+dp/hard/crtn.o
                0x0800d980                        . = ALIGN (0x4)
                0x0800d980                        _etext = .

.vfp11_veneer   0x0800d980        0x0
 .vfp11_veneer  0x0800d980        0x0 linker stubs

.v4_bx          0x0800d980        0x0
 .v4_bx         0x0800d980        0x0 linker stubs

.iplt           0x0800d980        0x0
 .iplt          0x0800d980        0x0 /Applications/STM32CubeIDE.app/Contents/Eclipse/plugins/com.st.stm32cube.ide.mcu.externaltools.gnu-tools-for-stm32.13.3.rel1.macos64_1.0.0.202411102158/tools/bin/../lib/gcc/arm-none-eabi/13.3.1/thumb/v7e-m+dp/hard/crtbegin.o

.rodata         0x0800d980    0x6f13c
                0x0800d980                        . = ALIGN (0x4)
 *(.rodata)
 .rodata        0x0800d980       0x4c ./Drivers/STM32H7xx_HAL_Driver/Src/stm32h7xx_hal_fdcan.o
 *(.rodata*)
 .rodata.startup_sound
                0x0800d9cc    0x6f0c8 ./Core/Src/audio.o
                0x0800d9cc                startup_sound
 .rodata.D1CorePrescTable
                0x0807ca94       0x10 ./Core/Src/system_stm32h7xx.o
                0x0807ca94                D1CorePrescTable
 .rodata.flagBitshiftOffset.0
                0x0807caa4        0x8 ./Drivers/STM32H7xx_HAL_Driver/Src/stm32h7xx_hal_dma.o
 .rodata.DLCtoBytes
                0x0807caac       0x10 ./Drivers/STM32H7xx_HAL_Driver/Src/stm32h7xx_hal_fdcan.o
                0x0807cabc                        . = ALIGN (0x4)

.ARM.extab
 *(.ARM.extab* .gnu.linkonce.armextab.*)

.ARM            0x0807cabc        0x0
                0x0807cabc                        __exidx_start = .
 *(.ARM.exidx*)
                0x0807cabc                        __exidx_end = .

.preinit_array  0x0807cabc        0x0
                0x0807cabc                        PROVIDE (__preinit_array_start = .)
 *(.preinit_array*)
                0x0807cabc                        PROVIDE (__preinit_array_end = .)

.init_array     0x0807cabc        0x4
                0x0807cabc                        PROVIDE (__init_array_start = .)
 *(SORT_BY_NAME(.init_array.*))
 *(.init_array*)
 .init_array    0x0807cabc        0x4 /Applications/STM32CubeIDE.app/Contents/Eclipse/plugins/com.st.stm32cube.ide.mcu.externaltools.gnu-tools-for-stm32.13.3.rel1.macos64_1.0.0.202411102158/tools/bin/../lib/gcc/arm-none-eabi/13.3.1/thumb/v7e-m+dp/hard/crtbegin.o
                0x0807cac0                        PROVIDE (__init_array_end = .)

.fini_array     0x0807cac0        0x4
                [!provide]                        PROVIDE (__fini_array_start = .)
 *(SORT_BY_NAME(.fini_array.*))
 *(.fini_array*)
 .fini_array    0x0807cac0        0x4 /Applications/STM32CubeIDE.app/Contents/Eclipse/plugins/com.st.stm32cube.ide.mcu.externaltools.gnu-tools-for-stm32.13.3.rel1.macos64_1.0.0.202411102158/tools/bin/../lib/gcc/arm-none-eabi/13.3.1/thumb/v7e-m+dp/hard/crtbegin.o
                [!provide]                        PROVIDE (__fini_array_end = .)
                0x0807cac4                        _sidata = LOADADDR (.data)

.rel.dyn        0x0807cac4        0x0
 .rel.iplt      0x0807cac4        0x0 /Applications/STM32CubeIDE.app/Contents/Eclipse/plugins/com.st.stm32cube.ide.mcu.externaltools.gnu-tools-for-stm32.13.3.rel1.macos64_1.0.0.202411102158/tools/bin/../lib/gcc/arm-none-eabi/13.3.1/thumb/v7e-m+dp/hard/crtbegin.o

.data           0x24000000       0x14 load address 0x0807cac4
                0x24000000                        . = ALIGN (0x4)
                0x24000000                        _sdata = .
 *(.data)
 *(.data*)
 .data.last_tractive_fan_pwm
                0x24000000        0x1 ./Core/Src/cooling.o
 .data.last_tractive_pump_pwm
                0x24000001        0x1 ./Core/Src/cooling.o
 .data.last_accy_fan_pwm
                0x24000002        0x1 ./Core/Src/cooling.o
 *fill*         0x24000003        0x1 
 .data.SystemCoreClock
                0x24000004        0x4 ./Core/Src/system_stm32h7xx.o
                0x24000004                SystemCoreClock
 .data.SystemD2Clock
                0x24000008        0x4 ./Core/Src/system_stm32h7xx.o
                0x24000008                SystemD2Clock
 .data.uwTickPrio
                0x2400000c        0x4 ./Drivers/STM32H7xx_HAL_Driver/Src/stm32h7xx_hal.o
                0x2400000c                uwTickPrio
 .data.uwTickFreq
                0x24000010        0x1 ./Drivers/STM32H7xx_HAL_Driver/Src/stm32h7xx_hal.o
                0x24000010                uwTickFreq
 *(.RamFunc)
 *(.RamFunc*)
                0x24000014                        . = ALIGN (0x4)
 *fill*         0x24000011        0x3 
                0x24000014                        _edata = .

.igot.plt       0x24000014        0x0 load address 0x0807cad8
 .igot.plt      0x24000014        0x0 /Applications/STM32CubeIDE.app/Contents/Eclipse/plugins/com.st.stm32cube.ide.mcu.externaltools.gnu-tools-for-stm32.13.3.rel1.macos64_1.0.0.202411102158/tools/bin/../lib/gcc/arm-none-eabi/13.3.1/thumb/v7e-m+dp/hard/crtbegin.o
                0x24000014                        . = ALIGN (0x4)

.bss            0x24000014     0x25e8 load address 0x0807cad8
                0x24000014                        _sbss = .
                0x24000014                        __bss_start__ = _sbss
 *(.bss)
 .bss           0x24000014       0x1c /Applications/STM32CubeIDE.app/Contents/Eclipse/plugins/com.st.stm32cube.ide.mcu.externaltools.gnu-tools-for-stm32.13.3.rel1.macos64_1.0.0.202411102158/tools/bin/../lib/gcc/arm-none-eabi/13.3.1/thumb/v7e-m+dp/hard/crtbegin.o
 *(.bss*)
 .bss.hadc3     0x24000030       0x70 ./Core/Src/adc.o
                0x24000030                hadc3
 .bss.hdma_adc3
                0x240000a0       0x78 ./Core/Src/adc.o
                0x240000a0                hdma_adc3
 .bss.debug     0x24000118       0x3c ./Core/Src/audio.o
 .bss.wavPos    0x24000154        0x4 ./Core/Src/audio.o
 .bss.wavePCM   0x24000158        0x4 ./Core/Src/audio.o
 .bss.halfwordCount
                0x2400015c        0x4 ./Core/Src/audio.o
 .bss.waveFinished
                0x24000160        0x1 ./Core/Src/audio.o
 *fill*         0x24000161        0x3 
 .bss.scaledPlaybackBuffer
                0x24000164     0x2000 ./Core/Src/audio.o
 .bss.lastPlaybackStartTick
                0x24002164        0x4 ./Core/Src/audio.o
 .bss.hasStartedPlayback
                0x24002168        0x1 ./Core/Src/audio.o
 .bss.scalePlaybackSamples
                0x24002169        0x1 ./Core/Src/audio.o
 *fill*         0x2400216a        0x2 
 .bss.cooling_cmd_df
                0x2400216c        0x8 ./Core/Src/cooling.o
 .bss.CoolingCmd_TxHeader
                0x24002174       0x24 ./Core/Src/cooling.o
 .bss.bms_avg_temp
                0x24002198        0x4 ./Core/Src/cooling.o
 .bss.phase_a_temp
                0x2400219c        0x4 ./Core/Src/cooling.o
 .bss.phase_b_temp
                0x240021a0        0x4 ./Core/Src/cooling.o
 .bss.phase_c_temp
                0x240021a4        0x4 ./Core/Src/cooling.o
 .bss.inv_avg_temp
                0x240021a8        0x4 ./Core/Src/cooling.o
 .bss.last_cooling_cmd_send
                0x240021ac        0x4 ./Core/Src/cooling.o
 .bss.hfdcan1   0x240021b0       0xa0 ./Core/Src/fdcan.o
                0x240021b0                hfdcan1
 .bss.hfdcan2   0x24002250       0xa0 ./Core/Src/fdcan.o
                0x24002250                hfdcan2
 .bss.HAL_RCC_FDCAN_CLK_ENABLED
                0x240022f0        0x4 ./Core/Src/fdcan.o
 .bss.RxHeader1
                0x240022f4       0x28 ./Core/Src/fdcan.o
                0x240022f4                RxHeader1
 .bss.RxData1   0x2400231c        0x8 ./Core/Src/fdcan.o
                0x2400231c                RxData1
 .bss.RxHeader2
                0x24002324       0x28 ./Core/Src/fdcan.o
                0x24002324                RxHeader2
 .bss.RxData2   0x2400234c        0x8 ./Core/Src/fdcan.o
                0x2400234c                RxData2
 .bss.hi2s2     0x24002354       0x54 ./Core/Src/i2s.o
                0x24002354                hi2s2
 .bss.hdma_spi2_tx
                0x240023a8       0x78 ./Core/Src/i2s.o
                0x240023a8                hdma_spi2_tx
 .bss.fdcan1_debug_cb
                0x24002420        0x4 ./Core/Src/main.o
                0x24002420                fdcan1_debug_cb
 .bss.fdcan2_debug_cb
                0x24002424        0x4 ./Core/Src/main.o
                0x24002424                fdcan2_debug_cb
 .bss.fdcan_rx_count
                0x24002428        0x4 ./Core/Src/main.o
                0x24002428                fdcan_rx_count
 .bss.fdcan_rx_error_count
                0x2400242c        0x4 ./Core/Src/main.o
                0x2400242c                fdcan_rx_error_count
 .bss.rtd_debug
                0x24002430        0x1 ./Core/Src/main.o
                0x24002430                rtd_debug
 .bss.prchg_debug
                0x24002431        0x1 ./Core/Src/main.o
                0x24002431                prchg_debug
 *fill*         0x24002432        0x2 
 .bss.inverter_lockout_start
                0x24002434        0x4 ./Core/Src/main.o
                0x24002434                inverter_lockout_start
 .bss.inverter_tx_rate_limiter
                0x24002438        0x4 ./Core/Src/main.o
                0x24002438                inverter_tx_rate_limiter
 .bss.sound_success
                0x2400243c        0x1 ./Core/Src/main.o
 *fill*         0x2400243d        0x3 
 .bss.ADC_VAL   0x24002440        0x6 ./Core/Src/motor_control.o
                0x24002440                ADC_VAL
 *fill*         0x24002446        0x2 
 .bss.voltage_values
                0x24002448        0xc ./Core/Src/motor_control.o
                0x24002448                voltage_values
 .bss.pedal_percents
                0x24002454        0xc ./Core/Src/motor_control.o
                0x24002454                pedal_percents
 .bss.requestedTorque
                0x24002460        0x4 ./Core/Src/motor_control.o
                0x24002460                requestedTorque
 .bss.plausibility_checks
                0x24002464        0x4 ./Core/Src/motor_control.o
                0x24002464                plausibility_checks
 .bss.millis_since_apps_implausible
                0x24002468        0x4 ./Core/Src/motor_control.o
 .bss.inverter_diagnostics
                0x2400246c        0xc ./Core/Src/motor_control.o
                0x2400246c                inverter_diagnostics
 .bss.Inverter_TxHeader
                0x24002478       0x24 ./Core/Src/motor_control.o
 .bss.Inverter_TxData
                0x2400249c        0x8 ./Core/Src/motor_control.o
 .bss.filtered_target_torque
                0x240024a4        0x4 ./Core/Src/motor_control.o
 .bss.last_torque_calc_time
                0x240024a8        0x4 ./Core/Src/motor_control.o
 .bss.PRCHG_TxHeader
                0x240024ac       0x24 ./Core/Src/prchg.o
 .bss.PRCHG_TxData
                0x240024d0        0x8 ./Core/Src/prchg.o
 .bss.precharge_response_received
                0x240024d8        0x1 ./Core/Src/prchg.o
                0x240024d8                precharge_response_received
 .bss.precharge_state
                0x240024d9        0x1 ./Core/Src/prchg.o
                0x240024d9                precharge_state
 *fill*         0x240024da        0x2 
 .bss.fdcan1_irq_count
                0x240024dc        0x4 ./Core/Src/stm32h7xx_it.o
                0x240024dc                fdcan1_irq_count
 .bss.htim1     0x240024e0       0x4c ./Core/Src/tim.o
                0x240024e0                htim1
 .bss.htim2     0x2400252c       0x4c ./Core/Src/tim.o
                0x2400252c                htim2
 .bss.htim3     0x24002578       0x4c ./Core/Src/tim.o
                0x24002578                htim3
 .bss.vcu_state
                0x240025c4        0x1 ./Core/Src/vcu_state.o
                0x240025c4                vcu_state
 .bss.rtd_button_pressed
                0x240025c5        0x1 ./Core/Src/vcu_state.o
                0x240025c5                rtd_button_pressed
 .bss.prchg_button_pressed
                0x240025c6        0x1 ./Core/Src/vcu_state.o
                0x240025c6                prchg_button_pressed
 *fill*         0x240025c7        0x1 
 .bss.VCU_Diagnostics_TxHeader
                0x240025c8       0x24 ./Core/Src/vcu_state.o
 .bss.VCU_Diagnostics_TxData
                0x240025ec        0x8 ./Core/Src/vcu_state.o
 .bss.last_vcu_diag_send
                0x240025f4        0x4 ./Core/Src/vcu_state.o
 .bss.uwTick    0x240025f8        0x4 ./Drivers/STM32H7xx_HAL_Driver/Src/stm32h7xx_hal.o
                0x240025f8                uwTick
 *(COMMON)
                0x240025fc                        . = ALIGN (0x4)
                0x240025fc                        _ebss = .
                0x240025fc                        __bss_end__ = _ebss

._user_heap_stack
                0x240025fc      0x604 load address 0x0807cad8
                0x24002600                        . = ALIGN (0x8)
 *fill*         0x240025fc        0x4 
                [!provide]                        PROVIDE (end = .)
                0x24002600                        PROVIDE (_end = .)
                0x24002800                        . = (. + _Min_Heap_Size)
 *fill*         0x24002600      0x200 
                0x24002c00                        . = (. + _Min_Stack_Size)
 *fill*         0x24002800      0x400 
                0x24002c00                        . = ALIGN (0x8)

/DISCARD/
 libc.a(*)
 libm.a(*)
 libgcc.a(*)

.ARM.attributes
                0x00000000       0x2e
 *(.ARM.attributes)
 .ARM.attributes
                0x00000000       0x20 /Applications/STM32CubeIDE.app/Contents/Eclipse/plugins/com.st.stm32cube.ide.mcu.externaltools.gnu-tools-for-stm32.13.3.rel1.macos64_1.0.0.202411102158/tools/bin/../lib/gcc/arm-none-eabi/13.3.1/thumb/v7e-m+dp/hard/crti.o
 .ARM.attributes
                0x00000020       0x32 /Applications/STM32CubeIDE.app/Contents/Eclipse/plugins/com.st.stm32cube.ide.mcu.externaltools.gnu-tools-for-stm32.13.3.rel1.macos64_1.0.0.202411102158/tools/bin/../lib/gcc/arm-none-eabi/13.3.1/thumb/v7e-m+dp/hard/crtbegin.o
 .ARM.attributes
                0x00000052       0x32 ./Core/Src/adc.o
 .ARM.attributes
                0x00000084       0x32 ./Core/Src/audio.o
 .ARM.attributes
                0x000000b6       0x32 ./Core/Src/cooling.o
 .ARM.attributes
                0x000000e8       0x32 ./Core/Src/dma.o
 .ARM.attributes
                0x0000011a       0x32 ./Core/Src/fdcan.o
 .ARM.attributes
                0x0000014c       0x32 ./Core/Src/gpio.o
 .ARM.attributes
                0x0000017e       0x32 ./Core/Src/i2s.o
 .ARM.attributes
                0x000001b0       0x32 ./Core/Src/main.o
 .ARM.attributes
                0x000001e2       0x32 ./Core/Src/motor_control.o
 .ARM.attributes
                0x00000214       0x32 ./Core/Src/prchg.o
 .ARM.attributes
                0x00000246       0x32 ./Core/Src/stm32h7xx_hal_msp.o
 .ARM.attributes
                0x00000278       0x32 ./Core/Src/stm32h7xx_it.o
 .ARM.attributes
                0x000002aa       0x32 ./Core/Src/system_stm32h7xx.o
 .ARM.attributes
                0x000002dc       0x32 ./Core/Src/tim.o
 .ARM.attributes
                0x0000030e       0x32 ./Core/Src/vcu_state.o
 .ARM.attributes
                0x00000340       0x21 ./Core/Startup/startup_stm32h723zgtx.o
 .ARM.attributes
                0x00000361       0x32 ./Drivers/STM32H7xx_HAL_Driver/Src/stm32h7xx_hal.o
 .ARM.attributes
                0x00000393       0x32 ./Drivers/STM32H7xx_HAL_Driver/Src/stm32h7xx_hal_adc.o
 .ARM.attributes
                0x000003c5       0x32 ./Drivers/STM32H7xx_HAL_Driver/Src/stm32h7xx_hal_adc_ex.o
 .ARM.attributes
                0x000003f7       0x32 ./Drivers/STM32H7xx_HAL_Driver/Src/stm32h7xx_hal_cortex.o
 .ARM.attributes
                0x00000429       0x32 ./Drivers/STM32H7xx_HAL_Driver/Src/stm32h7xx_hal_dma.o
 .ARM.attributes
                0x0000045b       0x32 ./Drivers/STM32H7xx_HAL_Driver/Src/stm32h7xx_hal_fdcan.o
 .ARM.attributes
                0x0000048d       0x32 ./Drivers/STM32H7xx_HAL_Driver/Src/stm32h7xx_hal_gpio.o
 .ARM.attributes
                0x000004bf       0x32 ./Drivers/STM32H7xx_HAL_Driver/Src/stm32h7xx_hal_i2s.o
 .ARM.attributes
                0x000004f1       0x32 ./Drivers/STM32H7xx_HAL_Driver/Src/stm32h7xx_hal_pwr_ex.o
 .ARM.attributes
                0x00000523       0x32 ./Drivers/STM32H7xx_HAL_Driver/Src/stm32h7xx_hal_rcc.o
 .ARM.attributes
                0x00000555       0x32 ./Drivers/STM32H7xx_HAL_Driver/Src/stm32h7xx_hal_rcc_ex.o
 .ARM.attributes
                0x00000587       0x32 ./Drivers/STM32H7xx_HAL_Driver/Src/stm32h7xx_hal_tim.o
 .ARM.attributes
                0x000005b9       0x32 ./Drivers/STM32H7xx_HAL_Driver/Src/stm32h7xx_hal_tim_ex.o
 .ARM.attributes
                0x000005eb       0x32 /Applications/STM32CubeIDE.app/Contents/Eclipse/plugins/com.st.stm32cube.ide.mcu.externaltools.gnu-tools-for-stm32.13.3.rel1.macos64_1.0.0.202411102158/tools/bin/../lib/gcc/arm-none-eabi/13.3.1/../../../../arm-none-eabi/lib/thumb/v7e-m+dp/hard/libc_nano.a(libc_a-memset.o)
 .ARM.attributes
                0x0000061d       0x32 /Applications/STM32CubeIDE.app/Contents/Eclipse/plugins/com.st.stm32cube.ide.mcu.externaltools.gnu-tools-for-stm32.13.3.rel1.macos64_1.0.0.202411102158/tools/bin/../lib/gcc/arm-none-eabi/13.3.1/../../../../arm-none-eabi/lib/thumb/v7e-m+dp/hard/libc_nano.a(libc_a-init.o)
 .ARM.attributes
                0x0000064f       0x32 /Applications/STM32CubeIDE.app/Contents/Eclipse/plugins/com.st.stm32cube.ide.mcu.externaltools.gnu-tools-for-stm32.13.3.rel1.macos64_1.0.0.202411102158/tools/bin/../lib/gcc/arm-none-eabi/13.3.1/../../../../arm-none-eabi/lib/thumb/v7e-m+dp/hard/libc_nano.a(libc_a-memcpy-stub.o)
 .ARM.attributes
                0x00000681       0x20 /Applications/STM32CubeIDE.app/Contents/Eclipse/plugins/com.st.stm32cube.ide.mcu.externaltools.gnu-tools-for-stm32.13.3.rel1.macos64_1.0.0.202411102158/tools/bin/../lib/gcc/arm-none-eabi/13.3.1/thumb/v7e-m+dp/hard/crtn.o
OUTPUT(mk11-vcu.elf elf32-littlearm)
LOAD linker stubs
LOAD /Applications/STM32CubeIDE.app/Contents/Eclipse/plugins/com.st.stm32cube.ide.mcu.externaltools.gnu-tools-for-stm32.13.3.rel1.macos64_1.0.0.202411102158/tools/bin/../lib/gcc/arm-none-eabi/13.3.1/../../../../arm-none-eabi/lib/thumb/v7e-m+dp/hard/libc.a
LOAD /Applications/STM32CubeIDE.app/Contents/Eclipse/plugins/com.st.stm32cube.ide.mcu.externaltools.gnu-tools-for-stm32.13.3.rel1.macos64_1.0.0.202411102158/tools/bin/../lib/gcc/arm-none-eabi/13.3.1/../../../../arm-none-eabi/lib/thumb/v7e-m+dp/hard/libm.a
LOAD /Applications/STM32CubeIDE.app/Contents/Eclipse/plugins/com.st.stm32cube.ide.mcu.externaltools.gnu-tools-for-stm32.13.3.rel1.macos64_1.0.0.202411102158/tools/bin/../lib/gcc/arm-none-eabi/13.3.1/thumb/v7e-m+dp/hard/libgcc.a

.debug_info     0x00000000    0x24012
 .debug_info    0x00000000     0x16b7 ./Core/Src/adc.o
 .debug_info    0x000016b7      0xfc0 ./Core/Src/audio.o
 .debug_info    0x00002677      0xc11 ./Core/Src/cooling.o
 .debug_info    0x00003288      0x817 ./Core/Src/dma.o
 .debug_info    0x00003a9f     0x1e28 ./Core/Src/fdcan.o
 .debug_info    0x000058c7      0x9db ./Core/Src/gpio.o
 .debug_info    0x000062a2     0x1094 ./Core/Src/i2s.o
 .debug_info    0x00007336     0x2632 ./Core/Src/main.o
 .debug_info    0x00009968      0xce9 ./Core/Src/motor_control.o
 .debug_info    0x0000a651     0x1143 ./Core/Src/prchg.o
 .debug_info    0x0000b794      0x464 ./Core/Src/stm32h7xx_hal_msp.o
 .debug_info    0x0000bbf8     0x154b ./Core/Src/stm32h7xx_it.o
 .debug_info    0x0000d143      0xbf0 ./Core/Src/system_stm32h7xx.o
 .debug_info    0x0000dd33     0x1166 ./Core/Src/tim.o
 .debug_info    0x0000ee99     0x1d3a ./Core/Src/vcu_state.o
 .debug_info    0x00010bd3       0x30 ./Core/Startup/startup_stm32h723zgtx.o
 .debug_info    0x00010c03     0x1698 ./Drivers/STM32H7xx_HAL_Driver/Src/stm32h7xx_hal.o
 .debug_info    0x0001229b     0x2320 ./Drivers/STM32H7xx_HAL_Driver/Src/stm32h7xx_hal_adc.o
 .debug_info    0x000145bb     0x22fa ./Drivers/STM32H7xx_HAL_Driver/Src/stm32h7xx_hal_adc_ex.o
 .debug_info    0x000168b5     0x10a5 ./Drivers/STM32H7xx_HAL_Driver/Src/stm32h7xx_hal_cortex.o
 .debug_info    0x0001795a      0xb71 ./Drivers/STM32H7xx_HAL_Driver/Src/stm32h7xx_hal_dma.o
 .debug_info    0x000184cb     0x2baf ./Drivers/STM32H7xx_HAL_Driver/Src/stm32h7xx_hal_fdcan.o
 .debug_info    0x0001b07a      0xc6b ./Drivers/STM32H7xx_HAL_Driver/Src/stm32h7xx_hal_gpio.o
 .debug_info    0x0001bce5     0x1163 ./Drivers/STM32H7xx_HAL_Driver/Src/stm32h7xx_hal_i2s.o
 .debug_info    0x0001ce48      0xdce ./Drivers/STM32H7xx_HAL_Driver/Src/stm32h7xx_hal_pwr_ex.o
 .debug_info    0x0001dc16      0xd82 ./Drivers/STM32H7xx_HAL_Driver/Src/stm32h7xx_hal_rcc.o
 .debug_info    0x0001e998     0x120b ./Drivers/STM32H7xx_HAL_Driver/Src/stm32h7xx_hal_rcc_ex.o
 .debug_info    0x0001fba3     0x2bae ./Drivers/STM32H7xx_HAL_Driver/Src/stm32h7xx_hal_tim.o
 .debug_info    0x00022751     0x18c1 ./Drivers/STM32H7xx_HAL_Driver/Src/stm32h7xx_hal_tim_ex.o

.debug_abbrev   0x00000000     0x404d
 .debug_abbrev  0x00000000      0x23f ./Core/Src/adc.o
 .debug_abbrev  0x0000023f      0x2a3 ./Core/Src/audio.o
 .debug_abbrev  0x000004e2      0x1fc ./Core/Src/cooling.o
 .debug_abbrev  0x000006de      0x11e ./Core/Src/dma.o
 .debug_abbrev  0x000007fc      0x2b7 ./Core/Src/fdcan.o
 .debug_abbrev  0x00000ab3      0x194 ./Core/Src/gpio.o
 .debug_abbrev  0x00000c47      0x23b ./Core/Src/i2s.o
 .debug_abbrev  0x00000e82      0x311 ./Core/Src/main.o
 .debug_abbrev  0x00001193      0x217 ./Core/Src/motor_control.o
 .debug_abbrev  0x000013aa      0x1d9 ./Core/Src/prchg.o
 .debug_abbrev  0x00001583       0xdb ./Core/Src/stm32h7xx_hal_msp.o
 .debug_abbrev  0x0000165e      0x1f4 ./Core/Src/stm32h7xx_it.o
 .debug_abbrev  0x00001852      0x153 ./Core/Src/system_stm32h7xx.o
 .debug_abbrev  0x000019a5      0x224 ./Core/Src/tim.o
 .debug_abbrev  0x00001bc9      0x26a ./Core/Src/vcu_state.o
 .debug_abbrev  0x00001e33       0x24 ./Core/Startup/startup_stm32h723zgtx.o
 .debug_abbrev  0x00001e57      0x29e ./Drivers/STM32H7xx_HAL_Driver/Src/stm32h7xx_hal.o
 .debug_abbrev  0x000020f5      0x307 ./Drivers/STM32H7xx_HAL_Driver/Src/stm32h7xx_hal_adc.o
 .debug_abbrev  0x000023fc      0x345 ./Drivers/STM32H7xx_HAL_Driver/Src/stm32h7xx_hal_adc_ex.o
 .debug_abbrev  0x00002741      0x339 ./Drivers/STM32H7xx_HAL_Driver/Src/stm32h7xx_hal_cortex.o
 .debug_abbrev  0x00002a7a      0x248 ./Drivers/STM32H7xx_HAL_Driver/Src/stm32h7xx_hal_dma.o
 .debug_abbrev  0x00002cc2      0x288 ./Drivers/STM32H7xx_HAL_Driver/Src/stm32h7xx_hal_fdcan.o
 .debug_abbrev  0x00002f4a      0x205 ./Drivers/STM32H7xx_HAL_Driver/Src/stm32h7xx_hal_gpio.o
 .debug_abbrev  0x0000314f      0x243 ./Drivers/STM32H7xx_HAL_Driver/Src/stm32h7xx_hal_i2s.o
 .debug_abbrev  0x00003392      0x295 ./Drivers/STM32H7xx_HAL_Driver/Src/stm32h7xx_hal_pwr_ex.o
 .debug_abbrev  0x00003627      0x2b1 ./Drivers/STM32H7xx_HAL_Driver/Src/stm32h7xx_hal_rcc.o
 .debug_abbrev  0x000038d8      0x269 ./Drivers/STM32H7xx_HAL_Driver/Src/stm32h7xx_hal_rcc_ex.o
 .debug_abbrev  0x00003b41      0x276 ./Drivers/STM32H7xx_HAL_Driver/Src/stm32h7xx_hal_tim.o
 .debug_abbrev  0x00003db7      0x296 ./Drivers/STM32H7xx_HAL_Driver/Src/stm32h7xx_hal_tim_ex.o

.debug_aranges  0x00000000     0x1950
 .debug_aranges
                0x00000000       0x30 ./Core/Src/adc.o
 .debug_aranges
                0x00000030       0x58 ./Core/Src/audio.o
 .debug_aranges
                0x00000088       0x50 ./Core/Src/cooling.o
 .debug_aranges
                0x000000d8       0x20 ./Core/Src/dma.o
 .debug_aranges
                0x000000f8       0x48 ./Core/Src/fdcan.o
 .debug_aranges
                0x00000140       0x20 ./Core/Src/gpio.o
 .debug_aranges
                0x00000160       0x30 ./Core/Src/i2s.o
 .debug_aranges
                0x00000190       0x60 ./Core/Src/main.o
 .debug_aranges
                0x000001f0       0x68 ./Core/Src/motor_control.o
 .debug_aranges
                0x00000258       0x38 ./Core/Src/prchg.o
 .debug_aranges
                0x00000290       0x20 ./Core/Src/stm32h7xx_hal_msp.o
 .debug_aranges
                0x000002b0       0xb0 ./Core/Src/stm32h7xx_it.o
 .debug_aranges
                0x00000360       0x30 ./Core/Src/system_stm32h7xx.o
 .debug_aranges
                0x00000390       0x40 ./Core/Src/tim.o
 .debug_aranges
                0x000003d0       0x30 ./Core/Src/vcu_state.o
 .debug_aranges
                0x00000400       0x28 ./Core/Startup/startup_stm32h723zgtx.o
 .debug_aranges
                0x00000428      0x1c8 ./Drivers/STM32H7xx_HAL_Driver/Src/stm32h7xx_hal.o
 .debug_aranges
                0x000005f0      0x268 ./Drivers/STM32H7xx_HAL_Driver/Src/stm32h7xx_hal_adc.o
 .debug_aranges
                0x00000858      0x1f8 ./Drivers/STM32H7xx_HAL_Driver/Src/stm32h7xx_hal_adc_ex.o
 .debug_aranges
                0x00000a50      0x130 ./Drivers/STM32H7xx_HAL_Driver/Src/stm32h7xx_hal_cortex.o
 .debug_aranges
                0x00000b80       0xa0 ./Drivers/STM32H7xx_HAL_Driver/Src/stm32h7xx_hal_dma.o
 .debug_aranges
                0x00000c20      0x338 ./Drivers/STM32H7xx_HAL_Driver/Src/stm32h7xx_hal_fdcan.o
 .debug_aranges
                0x00000f58       0x58 ./Drivers/STM32H7xx_HAL_Driver/Src/stm32h7xx_hal_gpio.o
 .debug_aranges
                0x00000fb0      0x160 ./Drivers/STM32H7xx_HAL_Driver/Src/stm32h7xx_hal_i2s.o
 .debug_aranges
                0x00001110      0x148 ./Drivers/STM32H7xx_HAL_Driver/Src/stm32h7xx_hal_pwr_ex.o
 .debug_aranges
                0x00001258       0x88 ./Drivers/STM32H7xx_HAL_Driver/Src/stm32h7xx_hal_rcc.o
 .debug_aranges
                0x000012e0       0xf8 ./Drivers/STM32H7xx_HAL_Driver/Src/stm32h7xx_hal_rcc_ex.o
 .debug_aranges
                0x000013d8      0x3e0 ./Drivers/STM32H7xx_HAL_Driver/Src/stm32h7xx_hal_tim.o
 .debug_aranges
                0x000017b8      0x198 ./Drivers/STM32H7xx_HAL_Driver/Src/stm32h7xx_hal_tim_ex.o

.debug_rnglists
                0x00000000     0x1378
 .debug_rnglists
                0x00000000       0x21 ./Core/Src/adc.o
 .debug_rnglists
                0x00000021       0x41 ./Core/Src/audio.o
 .debug_rnglists
                0x00000062       0x3b ./Core/Src/cooling.o
 .debug_rnglists
                0x0000009d       0x13 ./Core/Src/dma.o
 .debug_rnglists
                0x000000b0       0x36 ./Core/Src/fdcan.o
 .debug_rnglists
                0x000000e6       0x14 ./Core/Src/gpio.o
 .debug_rnglists
                0x000000fa       0x20 ./Core/Src/i2s.o
 .debug_rnglists
                0x0000011a       0x48 ./Core/Src/main.o
 .debug_rnglists
                0x00000162       0x4b ./Core/Src/motor_control.o
 .debug_rnglists
                0x000001ad       0x25 ./Core/Src/prchg.o
 .debug_rnglists
                0x000001d2       0x13 ./Core/Src/stm32h7xx_hal_msp.o
 .debug_rnglists
                0x000001e5       0x7f ./Core/Src/stm32h7xx_it.o
 .debug_rnglists
                0x00000264       0x21 ./Core/Src/system_stm32h7xx.o
 .debug_rnglists
                0x00000285       0x30 ./Core/Src/tim.o
 .debug_rnglists
                0x000002b5       0x21 ./Core/Src/vcu_state.o
 .debug_rnglists
                0x000002d6       0x19 ./Core/Startup/startup_stm32h723zgtx.o
 .debug_rnglists
                0x000002ef      0x155 ./Drivers/STM32H7xx_HAL_Driver/Src/stm32h7xx_hal.o
 .debug_rnglists
                0x00000444      0x1db ./Drivers/STM32H7xx_HAL_Driver/Src/stm32h7xx_hal_adc.o
 .debug_rnglists
                0x0000061f      0x188 ./Drivers/STM32H7xx_HAL_Driver/Src/stm32h7xx_hal_adc_ex.o
 .debug_rnglists
                0x000007a7       0xe0 ./Drivers/STM32H7xx_HAL_Driver/Src/stm32h7xx_hal_cortex.o
 .debug_rnglists
                0x00000887       0x82 ./Drivers/STM32H7xx_HAL_Driver/Src/stm32h7xx_hal_dma.o
 .debug_rnglists
                0x00000909      0x28b ./Drivers/STM32H7xx_HAL_Driver/Src/stm32h7xx_hal_fdcan.o
 .debug_rnglists
                0x00000b94       0x3f ./Drivers/STM32H7xx_HAL_Driver/Src/stm32h7xx_hal_gpio.o
 .debug_rnglists
                0x00000bd3      0x113 ./Drivers/STM32H7xx_HAL_Driver/Src/stm32h7xx_hal_i2s.o
 .debug_rnglists
                0x00000ce6       0xf5 ./Drivers/STM32H7xx_HAL_Driver/Src/stm32h7xx_hal_pwr_ex.o
 .debug_rnglists
                0x00000ddb       0x68 ./Drivers/STM32H7xx_HAL_Driver/Src/stm32h7xx_hal_rcc.o
 .debug_rnglists
                0x00000e43       0xc0 ./Drivers/STM32H7xx_HAL_Driver/Src/stm32h7xx_hal_rcc_ex.o
 .debug_rnglists
                0x00000f03      0x328 ./Drivers/STM32H7xx_HAL_Driver/Src/stm32h7xx_hal_tim.o
 .debug_rnglists
                0x0000122b      0x14d ./Drivers/STM32H7xx_HAL_Driver/Src/stm32h7xx_hal_tim_ex.o

.debug_macro    0x00000000    0x38233
 .debug_macro   0x00000000      0x2e4 ./Core/Src/adc.o
 .debug_macro   0x000002e4      0xaf6 ./Core/Src/adc.o
 .debug_macro   0x00000dda      0x244 ./Core/Src/adc.o
 .debug_macro   0x0000101e       0x2e ./Core/Src/adc.o
 .debug_macro   0x0000104c       0x3b ./Core/Src/adc.o
 .debug_macro   0x00001087       0x22 ./Core/Src/adc.o
 .debug_macro   0x000010a9       0x8e ./Core/Src/adc.o
 .debug_macro   0x00001137       0x51 ./Core/Src/adc.o
 .debug_macro   0x00001188      0x103 ./Core/Src/adc.o
 .debug_macro   0x0000128b       0x6a ./Core/Src/adc.o
 .debug_macro   0x000012f5      0x1df ./Core/Src/adc.o
 .debug_macro   0x000014d4       0x1c ./Core/Src/adc.o
 .debug_macro   0x000014f0       0x22 ./Core/Src/adc.o
 .debug_macro   0x00001512       0xfb ./Core/Src/adc.o
 .debug_macro   0x0000160d     0x1305 ./Core/Src/adc.o
 .debug_macro   0x00002912      0x11f ./Core/Src/adc.o
 .debug_macro   0x00002a31       0x27 ./Core/Src/adc.o
 .debug_macro   0x00002a58    0x216c1 ./Core/Src/adc.o
 .debug_macro   0x00024119       0x6d ./Core/Src/adc.o
 .debug_macro   0x00024186     0x3d64 ./Core/Src/adc.o
 .debug_macro   0x00027eea      0x190 ./Core/Src/adc.o
 .debug_macro   0x0002807a       0x61 ./Core/Src/adc.o
 .debug_macro   0x000280db       0x29 ./Core/Src/adc.o
 .debug_macro   0x00028104       0x43 ./Core/Src/adc.o
 .debug_macro   0x00028147       0x34 ./Core/Src/adc.o
 .debug_macro   0x0002817b      0x370 ./Core/Src/adc.o
 .debug_macro   0x000284eb       0x16 ./Core/Src/adc.o
 .debug_macro   0x00028501       0x4a ./Core/Src/adc.o
 .debug_macro   0x0002854b       0x34 ./Core/Src/adc.o
 .debug_macro   0x0002857f       0x10 ./Core/Src/adc.o
 .debug_macro   0x0002858f       0x58 ./Core/Src/adc.o
 .debug_macro   0x000285e7       0x8e ./Core/Src/adc.o
 .debug_macro   0x00028675       0x1c ./Core/Src/adc.o
 .debug_macro   0x00028691      0x185 ./Core/Src/adc.o
 .debug_macro   0x00028816      0x19b ./Core/Src/adc.o
 .debug_macro   0x000289b1       0x5d ./Core/Src/adc.o
 .debug_macro   0x00028a0e     0x2462 ./Core/Src/adc.o
 .debug_macro   0x0002ae70     0x1079 ./Core/Src/adc.o
 .debug_macro   0x0002bee9      0x154 ./Core/Src/adc.o
 .debug_macro   0x0002c03d      0x114 ./Core/Src/adc.o
 .debug_macro   0x0002c151      0x3fc ./Core/Src/adc.o
 .debug_macro   0x0002c54d       0xac ./Core/Src/adc.o
 .debug_macro   0x0002c5f9      0x788 ./Core/Src/adc.o
 .debug_macro   0x0002cd81      0x228 ./Core/Src/adc.o
 .debug_macro   0x0002cfa9       0x66 ./Core/Src/adc.o
 .debug_macro   0x0002d00f      0x3a6 ./Core/Src/adc.o
 .debug_macro   0x0002d3b5      0x3f9 ./Core/Src/adc.o
 .debug_macro   0x0002d7ae      0x275 ./Core/Src/adc.o
 .debug_macro   0x0002da23     0x1178 ./Core/Src/adc.o
 .debug_macro   0x0002eb9b      0x7c8 ./Core/Src/adc.o
 .debug_macro   0x0002f363      0x3bb ./Core/Src/adc.o
 .debug_macro   0x0002f71e      0xe42 ./Core/Src/adc.o
 .debug_macro   0x00030560      0x3ca ./Core/Src/adc.o
 .debug_macro   0x0003092a      0x45c ./Core/Src/adc.o
 .debug_macro   0x00030d86       0x3c ./Core/Src/adc.o
 .debug_macro   0x00030dc2       0x4a ./Core/Src/adc.o
 .debug_macro   0x00030e0c      0x22c ./Core/Src/adc.o
 .debug_macro   0x00031038       0x67 ./Core/Src/adc.o
 .debug_macro   0x0003109f       0xa5 ./Core/Src/adc.o
 .debug_macro   0x00031144      0x25d ./Core/Src/adc.o
 .debug_macro   0x000313a1      0x1c4 ./Core/Src/adc.o
 .debug_macro   0x00031565      0x22a ./Core/Src/adc.o
 .debug_macro   0x0003178f       0x35 ./Core/Src/adc.o
 .debug_macro   0x000317c4      0xb24 ./Core/Src/adc.o
 .debug_macro   0x000322e8      0x29f ./Core/Src/adc.o
 .debug_macro   0x00032587      0x5f2 ./Core/Src/adc.o
 .debug_macro   0x00032b79       0x5e ./Core/Src/adc.o
 .debug_macro   0x00032bd7      0x36d ./Core/Src/audio.o
 .debug_macro   0x00032f44       0x22 ./Core/Src/audio.o
 .debug_macro   0x00032f66       0x40 ./Core/Src/audio.o
 .debug_macro   0x00032fa6       0x9a ./Core/Src/audio.o
 .debug_macro   0x00033040       0x1c ./Core/Src/audio.o
 .debug_macro   0x0003305c       0x10 ./Core/Src/audio.o
 .debug_macro   0x0003306c       0x58 ./Core/Src/audio.o
 .debug_macro   0x000330c4       0x10 ./Core/Src/audio.o
 .debug_macro   0x000330d4      0x350 ./Core/Src/cooling.o
 .debug_macro   0x00033424       0x34 ./Core/Src/cooling.o
 .debug_macro   0x00033458      0x2e4 ./Core/Src/dma.o
 .debug_macro   0x0003373c      0x35c ./Core/Src/fdcan.o
 .debug_macro   0x00033a98      0x2e4 ./Core/Src/gpio.o
 .debug_macro   0x00033d7c      0x2e4 ./Core/Src/i2s.o
 .debug_macro   0x00034060      0x3dd ./Core/Src/main.o
 .debug_macro   0x0003443d       0x46 ./Core/Src/main.o
 .debug_macro   0x00034483       0x1c ./Core/Src/main.o
 .debug_macro   0x0003449f       0x3c ./Core/Src/main.o
 .debug_macro   0x000344db       0x10 ./Core/Src/main.o
 .debug_macro   0x000344eb       0x1c ./Core/Src/main.o
 .debug_macro   0x00034507       0x16 ./Core/Src/main.o
 .debug_macro   0x0003451d      0x146 ./Core/Src/main.o
 .debug_macro   0x00034663       0x3a ./Core/Src/main.o
 .debug_macro   0x0003469d      0x349 ./Core/Src/motor_control.o
 .debug_macro   0x000349e6      0x345 ./Core/Src/prchg.o
 .debug_macro   0x00034d2b      0x2da ./Core/Src/stm32h7xx_hal_msp.o
 .debug_macro   0x00035005      0x2e4 ./Core/Src/stm32h7xx_it.o
 .debug_macro   0x000352e9      0x2cb ./Core/Src/system_stm32h7xx.o
 .debug_macro   0x000355b4      0x2e4 ./Core/Src/tim.o
 .debug_macro   0x00035898      0x341 ./Core/Src/vcu_state.o
 .debug_macro   0x00035bd9      0x2f5 ./Drivers/STM32H7xx_HAL_Driver/Src/stm32h7xx_hal.o
 .debug_macro   0x00035ece      0x2f6 ./Drivers/STM32H7xx_HAL_Driver/Src/stm32h7xx_hal_adc.o
 .debug_macro   0x000361c4      0x2d7 ./Drivers/STM32H7xx_HAL_Driver/Src/stm32h7xx_hal_adc_ex.o
 .debug_macro   0x0003649b      0x2cb ./Drivers/STM32H7xx_HAL_Driver/Src/stm32h7xx_hal_cortex.o
 .debug_macro   0x00036766      0x31f ./Drivers/STM32H7xx_HAL_Driver/Src/stm32h7xx_hal_dma.o
 .debug_macro   0x00036a85      0x390 ./Drivers/STM32H7xx_HAL_Driver/Src/stm32h7xx_hal_fdcan.o
 .debug_macro   0x00036e15      0x2d2 ./Drivers/STM32H7xx_HAL_Driver/Src/stm32h7xx_hal_gpio.o
 .debug_macro   0x000370e7      0x2d3 ./Drivers/STM32H7xx_HAL_Driver/Src/stm32h7xx_hal_i2s.o
 .debug_macro   0x000373ba      0x304 ./Drivers/STM32H7xx_HAL_Driver/Src/stm32h7xx_hal_pwr_ex.o
 .debug_macro   0x000376be      0x2ef ./Drivers/STM32H7xx_HAL_Driver/Src/stm32h7xx_hal_rcc.o
 .debug_macro   0x000379ad      0x2e9 ./Drivers/STM32H7xx_HAL_Driver/Src/stm32h7xx_hal_rcc_ex.o
 .debug_macro   0x00037c96      0x2cc ./Drivers/STM32H7xx_HAL_Driver/Src/stm32h7xx_hal_tim.o
 .debug_macro   0x00037f62      0x2d1 ./Drivers/STM32H7xx_HAL_Driver/Src/stm32h7xx_hal_tim_ex.o

.debug_line     0x00000000    0x219d9
 .debug_line    0x00000000      0x9dc ./Core/Src/adc.o
 .debug_line    0x000009dc      0xc83 ./Core/Src/audio.o
 .debug_line    0x0000165f      0xac5 ./Core/Src/cooling.o
 .debug_line    0x00002124      0x8b5 ./Core/Src/dma.o
 .debug_line    0x000029d9      0xb26 ./Core/Src/fdcan.o
 .debug_line    0x000034ff      0x8d3 ./Core/Src/gpio.o
 .debug_line    0x00003dd2      0x984 ./Core/Src/i2s.o
 .debug_line    0x00004756      0xcf7 ./Core/Src/main.o
 .debug_line    0x0000544d      0xbd7 ./Core/Src/motor_control.o
 .debug_line    0x00006024      0x9a9 ./Core/Src/prchg.o
 .debug_line    0x000069cd      0x8b6 ./Core/Src/stm32h7xx_hal_msp.o
 .debug_line    0x00007283      0xa5c ./Core/Src/stm32h7xx_it.o
 .debug_line    0x00007cdf      0xaab ./Core/Src/system_stm32h7xx.o
 .debug_line    0x0000878a      0xa35 ./Core/Src/tim.o
 .debug_line    0x000091bf      0xa6c ./Core/Src/vcu_state.o
 .debug_line    0x00009c2b       0x7b ./Core/Startup/startup_stm32h723zgtx.o
 .debug_line    0x00009ca6      0xf20 ./Drivers/STM32H7xx_HAL_Driver/Src/stm32h7xx_hal.o
 .debug_line    0x0000abc6     0x27b3 ./Drivers/STM32H7xx_HAL_Driver/Src/stm32h7xx_hal_adc.o
 .debug_line    0x0000d379     0x2242 ./Drivers/STM32H7xx_HAL_Driver/Src/stm32h7xx_hal_adc_ex.o
 .debug_line    0x0000f5bb      0xe79 ./Drivers/STM32H7xx_HAL_Driver/Src/stm32h7xx_hal_cortex.o
 .debug_line    0x00010434     0x2813 ./Drivers/STM32H7xx_HAL_Driver/Src/stm32h7xx_hal_dma.o
 .debug_line    0x00012c47     0x291a ./Drivers/STM32H7xx_HAL_Driver/Src/stm32h7xx_hal_fdcan.o
 .debug_line    0x00015561      0xd04 ./Drivers/STM32H7xx_HAL_Driver/Src/stm32h7xx_hal_gpio.o
 .debug_line    0x00016265     0x170c ./Drivers/STM32H7xx_HAL_Driver/Src/stm32h7xx_hal_i2s.o
 .debug_line    0x00017971      0xf5e ./Drivers/STM32H7xx_HAL_Driver/Src/stm32h7xx_hal_pwr_ex.o
 .debug_line    0x000188cf     0x149d ./Drivers/STM32H7xx_HAL_Driver/Src/stm32h7xx_hal_rcc.o
 .debug_line    0x00019d6c     0x1d51 ./Drivers/STM32H7xx_HAL_Driver/Src/stm32h7xx_hal_rcc_ex.o
 .debug_line    0x0001babd     0x406f ./Drivers/STM32H7xx_HAL_Driver/Src/stm32h7xx_hal_tim.o
 .debug_line    0x0001fb2c     0x1ead ./Drivers/STM32H7xx_HAL_Driver/Src/stm32h7xx_hal_tim_ex.o

.debug_str      0x00000000   0x16a2f0
 .debug_str     0x00000000   0x16a2f0 ./Core/Src/adc.o
                             0x1611db (size before relaxing)
 .debug_str     0x0016a2f0   0x160e23 ./Core/Src/audio.o
 .debug_str     0x0016a2f0   0x160a29 ./Core/Src/cooling.o
 .debug_str     0x0016a2f0   0x160623 ./Core/Src/dma.o
 .debug_str     0x0016a2f0   0x161d60 ./Core/Src/fdcan.o
 .debug_str     0x0016a2f0   0x1606b5 ./Core/Src/gpio.o
 .debug_str     0x0016a2f0   0x1607f6 ./Core/Src/i2s.o
 .debug_str     0x0016a2f0   0x162c65 ./Core/Src/main.o
 .debug_str     0x0016a2f0   0x160a17 ./Core/Src/motor_control.o
 .debug_str     0x0016a2f0   0x160e39 ./Core/Src/prchg.o
 .debug_str     0x0016a2f0   0x15fe16 ./Core/Src/stm32h7xx_hal_msp.o
 .debug_str     0x0016a2f0   0x160be8 ./Core/Src/stm32h7xx_it.o
 .debug_str     0x0016a2f0   0x15ff4f ./Core/Src/system_stm32h7xx.o
 .debug_str     0x0016a2f0   0x160e29 ./Core/Src/tim.o
 .debug_str     0x0016a2f0   0x161c0e ./Core/Src/vcu_state.o
 .debug_str     0x0016a2f0       0x85 ./Core/Startup/startup_stm32h723zgtx.o
 .debug_str     0x0016a2f0   0x160f9a ./Drivers/STM32H7xx_HAL_Driver/Src/stm32h7xx_hal.o
 .debug_str     0x0016a2f0   0x160fbf ./Drivers/STM32H7xx_HAL_Driver/Src/stm32h7xx_hal_adc.o
 .debug_str     0x0016a2f0   0x160edf ./Drivers/STM32H7xx_HAL_Driver/Src/stm32h7xx_hal_adc_ex.o
 .debug_str     0x0016a2f0   0x1608b4 ./Drivers/STM32H7xx_HAL_Driver/Src/stm32h7xx_hal_cortex.o
 .debug_str     0x0016a2f0   0x1606c5 ./Drivers/STM32H7xx_HAL_Driver/Src/stm32h7xx_hal_dma.o
 .debug_str     0x0016a2f0   0x161c90 ./Drivers/STM32H7xx_HAL_Driver/Src/stm32h7xx_hal_fdcan.o
 .debug_str     0x0016a2f0   0x15ff5b ./Drivers/STM32H7xx_HAL_Driver/Src/stm32h7xx_hal_gpio.o
 .debug_str     0x0016a2f0   0x160455 ./Drivers/STM32H7xx_HAL_Driver/Src/stm32h7xx_hal_i2s.o
 .debug_str     0x0016a2f0   0x160363 ./Drivers/STM32H7xx_HAL_Driver/Src/stm32h7xx_hal_pwr_ex.o
 .debug_str     0x0016a2f0   0x1602de ./Drivers/STM32H7xx_HAL_Driver/Src/stm32h7xx_hal_rcc.o
 .debug_str     0x0016a2f0   0x1607f6 ./Drivers/STM32H7xx_HAL_Driver/Src/stm32h7xx_hal_rcc_ex.o
 .debug_str     0x0016a2f0   0x1610dc ./Drivers/STM32H7xx_HAL_Driver/Src/stm32h7xx_hal_tim.o
 .debug_str     0x0016a2f0   0x160a89 ./Drivers/STM32H7xx_HAL_Driver/Src/stm32h7xx_hal_tim_ex.o

.comment        0x00000000       0x43
 .comment       0x00000000       0x43 ./Core/Src/adc.o
                                 0x44 (size before relaxing)
 .comment       0x00000043       0x44 ./Core/Src/audio.o
 .comment       0x00000043       0x44 ./Core/Src/cooling.o
 .comment       0x00000043       0x44 ./Core/Src/dma.o
 .comment       0x00000043       0x44 ./Core/Src/fdcan.o
 .comment       0x00000043       0x44 ./Core/Src/gpio.o
 .comment       0x00000043       0x44 ./Core/Src/i2s.o
 .comment       0x00000043       0x44 ./Core/Src/main.o